GCASM List File (GCBASIC 0.94 2015-10-27)

Symbols:
-X 	EQU 	30
-Y 	EQU 	26
-Z 	EQU 	18
ACBG 	EQU 	6
ACD 	EQU 	7
ACI 	EQU 	4
ACIC 	EQU 	2
ACIE 	EQU 	3
ACIS0 	EQU 	0
ACIS1 	EQU 	1
ACME 	EQU 	6
ACO 	EQU 	5
ACSR 	EQU 	48
ADATE 	EQU 	5
ADC0D 	EQU 	0
ADC1D 	EQU 	1
ADC2D 	EQU 	2
ADC3D 	EQU 	3
ADC4D 	EQU 	4
ADC5D 	EQU 	5
ADCH 	EQU 	121
ADCH0 	EQU 	0
ADCH1 	EQU 	1
ADCH2 	EQU 	2
ADCH3 	EQU 	3
ADCH4 	EQU 	4
ADCH5 	EQU 	5
ADCH6 	EQU 	6
ADCH7 	EQU 	7
ADCL 	EQU 	120
ADCL0 	EQU 	0
ADCL1 	EQU 	1
ADCL2 	EQU 	2
ADCL3 	EQU 	3
ADCL4 	EQU 	4
ADCL5 	EQU 	5
ADCL6 	EQU 	6
ADCL7 	EQU 	7
ADCSRA 	EQU 	122
ADCSRB 	EQU 	123
ADEN 	EQU 	7
ADIE 	EQU 	3
ADIF 	EQU 	4
ADLAR 	EQU 	5
ADMUX 	EQU 	124
ADPS0 	EQU 	0
ADPS1 	EQU 	1
ADPS2 	EQU 	2
ADSC 	EQU 	6
ADTS0 	EQU 	0
ADTS1 	EQU 	1
ADTS2 	EQU 	2
AIN0D 	EQU 	0
AIN1D 	EQU 	1
AS2 	EQU 	5
ASSR 	EQU 	182
BASPROGRAMEND 	EQU 	86
BASPROGRAMSTART 	EQU 	53
BITOUT 	EQU 	256
BLBSET 	EQU 	3
BODS 	EQU 	6
BODSE 	EQU 	5
BORF 	EQU 	2
C 	EQU 	0
CAL0 	EQU 	0
CAL1 	EQU 	1
CAL2 	EQU 	2
CAL3 	EQU 	3
CAL4 	EQU 	4
CAL5 	EQU 	5
CAL6 	EQU 	6
CAL7 	EQU 	7
CLKPCE 	EQU 	7
CLKPR 	EQU 	97
CLKPS0 	EQU 	0
CLKPS1 	EQU 	1
CLKPS2 	EQU 	2
CLKPS3 	EQU 	3
COM0A0 	EQU 	6
COM0A1 	EQU 	7
COM0B0 	EQU 	4
COM0B1 	EQU 	5
COM1A0 	EQU 	6
COM1A1 	EQU 	7
COM1B0 	EQU 	4
COM1B1 	EQU 	5
COM2A0 	EQU 	6
COM2A1 	EQU 	7
COM2B0 	EQU 	4
COM2B1 	EQU 	5
CPHA 	EQU 	2
CPOL 	EQU 	3
CS00 	EQU 	0
CS01 	EQU 	1
CS02 	EQU 	2
CS10 	EQU 	0
CS11 	EQU 	1
CS12 	EQU 	2
CS20 	EQU 	0
CS21 	EQU 	1
CS22 	EQU 	2
DDB0 	EQU 	0
DDB1 	EQU 	1
DDB2 	EQU 	2
DDB3 	EQU 	3
DDB4 	EQU 	4
DDB5 	EQU 	5
DDB6 	EQU 	6
DDB7 	EQU 	7
DDC0 	EQU 	0
DDC1 	EQU 	1
DDC2 	EQU 	2
DDC3 	EQU 	3
DDC4 	EQU 	4
DDC5 	EQU 	5
DDC6 	EQU 	6
DDD0 	EQU 	0
DDD1 	EQU 	1
DDD2 	EQU 	2
DDD3 	EQU 	3
DDD4 	EQU 	4
DDD5 	EQU 	5
DDD6 	EQU 	6
DDD7 	EQU 	7
DDRB 	EQU 	4
DDRC 	EQU 	7
DDRD 	EQU 	10
DELAYTEMP 	EQU 	r25
DELAYTEMP2 	EQU 	r26
DELAY_MS 	EQU 	88
DIDR0 	EQU 	126
DIDR1 	EQU 	127
DMS_INNER 	EQU 	91
DMS_OUTER 	EQU 	90
DMS_START 	EQU 	89
DOR0 	EQU 	3
DORD 	EQU 	5
EEAR0 	EQU 	0
EEAR1 	EQU 	1
EEAR2 	EQU 	2
EEAR3 	EQU 	3
EEAR4 	EQU 	4
EEAR5 	EQU 	5
EEAR6 	EQU 	6
EEAR7 	EQU 	7
EEAR8 	EQU 	0
EEAR9 	EQU 	1
EEARH 	EQU 	34
EEARL 	EQU 	33
EECR 	EQU 	31
EEDR 	EQU 	32
EEDR0 	EQU 	0
EEDR1 	EQU 	1
EEDR2 	EQU 	2
EEDR3 	EQU 	3
EEDR4 	EQU 	4
EEDR5 	EQU 	5
EEDR6 	EQU 	6
EEDR7 	EQU 	7
EEMPE 	EQU 	2
EEPE 	EQU 	1
EEPM0 	EQU 	4
EEPM1 	EQU 	5
EERE 	EQU 	0
EERIE 	EQU 	3
EICRA 	EQU 	105
EIFR 	EQU 	28
EIMSK 	EQU 	29
EXCLK 	EQU 	6
EXTRF 	EQU 	1
FE0 	EQU 	4
FOC0A 	EQU 	7
FOC0B 	EQU 	6
FOC1A 	EQU 	7
FOC1B 	EQU 	6
FOC2A 	EQU 	7
FOC2B 	EQU 	6
GPIOR0 	EQU 	30
GPIOR00 	EQU 	0
GPIOR01 	EQU 	1
GPIOR02 	EQU 	2
GPIOR03 	EQU 	3
GPIOR04 	EQU 	4
GPIOR05 	EQU 	5
GPIOR06 	EQU 	6
GPIOR07 	EQU 	7
GPIOR1 	EQU 	42
GPIOR10 	EQU 	0
GPIOR11 	EQU 	1
GPIOR12 	EQU 	2
GPIOR13 	EQU 	3
GPIOR14 	EQU 	4
GPIOR15 	EQU 	5
GPIOR16 	EQU 	6
GPIOR17 	EQU 	7
GPIOR2 	EQU 	43
GPIOR20 	EQU 	0
GPIOR21 	EQU 	1
GPIOR22 	EQU 	2
GPIOR23 	EQU 	3
GPIOR24 	EQU 	4
GPIOR25 	EQU 	5
GPIOR26 	EQU 	6
GPIOR27 	EQU 	7
GTCCR 	EQU 	35
H 	EQU 	5
I 	EQU 	7
ICES1 	EQU 	6
ICF1 	EQU 	5
ICIE1 	EQU 	5
ICNC1 	EQU 	7
ICR1H 	EQU 	135
ICR1H0 	EQU 	0
ICR1H1 	EQU 	1
ICR1H2 	EQU 	2
ICR1H3 	EQU 	3
ICR1H4 	EQU 	4
ICR1H5 	EQU 	5
ICR1H6 	EQU 	6
ICR1H7 	EQU 	7
ICR1L 	EQU 	134
ICR1L0 	EQU 	0
ICR1L1 	EQU 	1
ICR1L2 	EQU 	2
ICR1L3 	EQU 	3
ICR1L4 	EQU 	4
ICR1L5 	EQU 	5
ICR1L6 	EQU 	6
ICR1L7 	EQU 	7
INDEX 	EQU 	257
INIT595 	EQU 	100
INITSYS 	EQU 	112
INT0 	EQU 	0
INT1 	EQU 	1
INTF0 	EQU 	0
INTF1 	EQU 	1
ISC00 	EQU 	0
ISC01 	EQU 	1
ISC10 	EQU 	2
ISC11 	EQU 	3
IVCE 	EQU 	0
IVSEL 	EQU 	1
MCUCR 	EQU 	53
MCUSR 	EQU 	52
MPCM0 	EQU 	0
MSTR 	EQU 	4
MUX0 	EQU 	0
MUX1 	EQU 	1
MUX2 	EQU 	2
MUX3 	EQU 	3
N 	EQU 	2
OCF0A 	EQU 	1
OCF0B 	EQU 	2
OCF1A 	EQU 	1
OCF1B 	EQU 	2
OCF2A 	EQU 	1
OCF2B 	EQU 	2
OCIE0A 	EQU 	1
OCIE0B 	EQU 	2
OCIE1A 	EQU 	1
OCIE1B 	EQU 	2
OCIE2A 	EQU 	1
OCIE2B 	EQU 	2
OCR0A 	EQU 	39
OCR0B 	EQU 	40
OCR0B_0 	EQU 	0
OCR0B_1 	EQU 	1
OCR0B_2 	EQU 	2
OCR0B_3 	EQU 	3
OCR0B_4 	EQU 	4
OCR0B_5 	EQU 	5
OCR0B_6 	EQU 	6
OCR0B_7 	EQU 	7
OCR1AH 	EQU 	137
OCR1AH0 	EQU 	0
OCR1AH1 	EQU 	1
OCR1AH2 	EQU 	2
OCR1AH3 	EQU 	3
OCR1AH4 	EQU 	4
OCR1AH5 	EQU 	5
OCR1AH6 	EQU 	6
OCR1AH7 	EQU 	7
OCR1AL 	EQU 	136
OCR1AL0 	EQU 	0
OCR1AL1 	EQU 	1
OCR1AL2 	EQU 	2
OCR1AL3 	EQU 	3
OCR1AL4 	EQU 	4
OCR1AL5 	EQU 	5
OCR1AL6 	EQU 	6
OCR1AL7 	EQU 	7
OCR1BH 	EQU 	139
OCR1BH0 	EQU 	0
OCR1BH1 	EQU 	1
OCR1BH2 	EQU 	2
OCR1BH3 	EQU 	3
OCR1BH4 	EQU 	4
OCR1BH5 	EQU 	5
OCR1BH6 	EQU 	6
OCR1BH7 	EQU 	7
OCR1BL 	EQU 	138
OCR1BL0 	EQU 	0
OCR1BL1 	EQU 	1
OCR1BL2 	EQU 	2
OCR1BL3 	EQU 	3
OCR1BL4 	EQU 	4
OCR1BL5 	EQU 	5
OCR1BL6 	EQU 	6
OCR1BL7 	EQU 	7
OCR2A 	EQU 	179
OCR2AUB 	EQU 	3
OCR2A_0 	EQU 	0
OCR2A_1 	EQU 	1
OCR2A_2 	EQU 	2
OCR2A_3 	EQU 	3
OCR2A_4 	EQU 	4
OCR2A_5 	EQU 	5
OCR2A_6 	EQU 	6
OCR2A_7 	EQU 	7
OCR2B 	EQU 	180
OCR2BUB 	EQU 	2
OCR2B_0 	EQU 	0
OCR2B_1 	EQU 	1
OCR2B_2 	EQU 	2
OCR2B_3 	EQU 	3
OCR2B_4 	EQU 	4
OCR2B_5 	EQU 	5
OCR2B_6 	EQU 	6
OCR2B_7 	EQU 	7
OCROA_0 	EQU 	0
OCROA_1 	EQU 	1
OCROA_2 	EQU 	2
OCROA_3 	EQU 	3
OCROA_4 	EQU 	4
OCROA_5 	EQU 	5
OCROA_6 	EQU 	6
OCROA_7 	EQU 	7
OSCCAL 	EQU 	102
PCICR 	EQU 	104
PCIE0 	EQU 	0
PCIE1 	EQU 	1
PCIE2 	EQU 	2
PCIF0 	EQU 	0
PCIF1 	EQU 	1
PCIF2 	EQU 	2
PCIFR 	EQU 	27
PCINT0 	EQU 	0
PCINT1 	EQU 	1
PCINT10 	EQU 	2
PCINT11 	EQU 	3
PCINT12 	EQU 	4
PCINT13 	EQU 	5
PCINT14 	EQU 	6
PCINT16 	EQU 	0
PCINT17 	EQU 	1
PCINT18 	EQU 	2
PCINT19 	EQU 	3
PCINT2 	EQU 	2
PCINT20 	EQU 	4
PCINT21 	EQU 	5
PCINT22 	EQU 	6
PCINT23 	EQU 	7
PCINT3 	EQU 	3
PCINT4 	EQU 	4
PCINT5 	EQU 	5
PCINT6 	EQU 	6
PCINT7 	EQU 	7
PCINT8 	EQU 	0
PCINT9 	EQU 	1
PCMSK0 	EQU 	107
PCMSK1 	EQU 	108
PCMSK2 	EQU 	109
PGERS 	EQU 	1
PGWRT 	EQU 	2
PINB 	EQU 	3
PINB0 	EQU 	0
PINB1 	EQU 	1
PINB2 	EQU 	2
PINB3 	EQU 	3
PINB4 	EQU 	4
PINB5 	EQU 	5
PINB6 	EQU 	6
PINB7 	EQU 	7
PINC 	EQU 	6
PINC0 	EQU 	0
PINC1 	EQU 	1
PINC2 	EQU 	2
PINC3 	EQU 	3
PINC4 	EQU 	4
PINC5 	EQU 	5
PINC6 	EQU 	6
PIND 	EQU 	9
PIND0 	EQU 	0
PIND1 	EQU 	1
PIND2 	EQU 	2
PIND3 	EQU 	3
PIND4 	EQU 	4
PIND5 	EQU 	5
PIND6 	EQU 	6
PIND7 	EQU 	7
PORF 	EQU 	0
PORTB 	EQU 	5
PORTB0 	EQU 	0
PORTB1 	EQU 	1
PORTB2 	EQU 	2
PORTB3 	EQU 	3
PORTB4 	EQU 	4
PORTB5 	EQU 	5
PORTB6 	EQU 	6
PORTB7 	EQU 	7
PORTC 	EQU 	8
PORTC0 	EQU 	0
PORTC1 	EQU 	1
PORTC2 	EQU 	2
PORTC3 	EQU 	3
PORTC4 	EQU 	4
PORTC5 	EQU 	5
PORTC6 	EQU 	6
PORTD 	EQU 	11
PORTD0 	EQU 	0
PORTD1 	EQU 	1
PORTD2 	EQU 	2
PORTD3 	EQU 	3
PORTD4 	EQU 	4
PORTD5 	EQU 	5
PORTD6 	EQU 	6
PORTD7 	EQU 	7
PRADC 	EQU 	0
PRR 	EQU 	100
PRSPI 	EQU 	2
PRTIM0 	EQU 	5
PRTIM1 	EQU 	3
PRTIM2 	EQU 	6
PRTWI 	EQU 	7
PRUSART0 	EQU 	1
PSRASY 	EQU 	1
PSRSYNC 	EQU 	0
PUD 	EQU 	4
RAMEND 	EQU 	2303
REFS0 	EQU 	6
REFS1 	EQU 	7
RWWSB 	EQU 	6
RWWSRE 	EQU 	4
RXB80 	EQU 	1
RXC0 	EQU 	7
RXCIE0 	EQU 	7
RXEN0 	EQU 	4
S 	EQU 	4
SE 	EQU 	0
SELFPRGEN 	EQU 	0
SHIFTBIT 	EQU 	119
SM0 	EQU 	1
SM1 	EQU 	2
SM2 	EQU 	3
SMCR 	EQU 	51
SP0 	EQU 	0
SP1 	EQU 	1
SP10 	EQU 	2
SP11 	EQU 	3
SP2 	EQU 	2
SP3 	EQU 	3
SP4 	EQU 	4
SP5 	EQU 	5
SP6 	EQU 	6
SP7 	EQU 	7
SP8 	EQU 	0
SP9 	EQU 	1
SPCR 	EQU 	44
SPDR 	EQU 	46
SPDR0 	EQU 	0
SPDR1 	EQU 	1
SPDR2 	EQU 	2
SPDR3 	EQU 	3
SPDR4 	EQU 	4
SPDR5 	EQU 	5
SPDR6 	EQU 	6
SPDR7 	EQU 	7
SPE 	EQU 	6
SPH 	EQU 	62
SPI2X 	EQU 	0
SPIE 	EQU 	7
SPIF 	EQU 	7
SPL 	EQU 	61
SPMCSR 	EQU 	55
SPMIE 	EQU 	7
SPR0 	EQU 	0
SPR1 	EQU 	1
SPSR 	EQU 	45
SREG 	EQU 	63
SYSDOLOOP_E1 	EQU 	86
SYSDOLOOP_S1 	EQU 	59
SYSFORLOOP1 	EQU 	69
SYSFORLOOPEND1 	EQU 	85
SysBitTest 	EQU 	r5
SysCalcTempA 	EQU 	r22
SysTemp1 	EQU 	r0
SysValueCopy 	EQU 	r21
SysWaitTempMS 	EQU 	r29
SysWaitTempMS_H 	EQU 	r30
T 	EQU 	6
TCCR0A 	EQU 	36
TCCR0B 	EQU 	37
TCCR1A 	EQU 	128
TCCR1B 	EQU 	129
TCCR1C 	EQU 	130
TCCR2A 	EQU 	176
TCCR2B 	EQU 	177
TCN2UB 	EQU 	4
TCNT0 	EQU 	38
TCNT0_0 	EQU 	0
TCNT0_1 	EQU 	1
TCNT0_2 	EQU 	2
TCNT0_3 	EQU 	3
TCNT0_4 	EQU 	4
TCNT0_5 	EQU 	5
TCNT0_6 	EQU 	6
TCNT0_7 	EQU 	7
TCNT1H 	EQU 	133
TCNT1H0 	EQU 	0
TCNT1H1 	EQU 	1
TCNT1H2 	EQU 	2
TCNT1H3 	EQU 	3
TCNT1H4 	EQU 	4
TCNT1H5 	EQU 	5
TCNT1H6 	EQU 	6
TCNT1H7 	EQU 	7
TCNT1L 	EQU 	132
TCNT1L0 	EQU 	0
TCNT1L1 	EQU 	1
TCNT1L2 	EQU 	2
TCNT1L3 	EQU 	3
TCNT1L4 	EQU 	4
TCNT1L5 	EQU 	5
TCNT1L6 	EQU 	6
TCNT1L7 	EQU 	7
TCNT2 	EQU 	178
TCNT2_0 	EQU 	0
TCNT2_1 	EQU 	1
TCNT2_2 	EQU 	2
TCNT2_3 	EQU 	3
TCNT2_4 	EQU 	4
TCNT2_5 	EQU 	5
TCNT2_6 	EQU 	6
TCNT2_7 	EQU 	7
TCR2AUB 	EQU 	1
TCR2BUB 	EQU 	0
TIFR0 	EQU 	21
TIFR1 	EQU 	22
TIFR2 	EQU 	23
TIMSK0 	EQU 	110
TIMSK1 	EQU 	111
TIMSK2 	EQU 	112
TOIE0 	EQU 	0
TOIE1 	EQU 	0
TOIE2 	EQU 	0
TOV0 	EQU 	0
TOV1 	EQU 	0
TOV2 	EQU 	0
TSM 	EQU 	7
TWA0 	EQU 	1
TWA1 	EQU 	2
TWA2 	EQU 	3
TWA3 	EQU 	4
TWA4 	EQU 	5
TWA5 	EQU 	6
TWA6 	EQU 	7
TWAM0 	EQU 	1
TWAM1 	EQU 	2
TWAM2 	EQU 	3
TWAM3 	EQU 	4
TWAM4 	EQU 	5
TWAM5 	EQU 	6
TWAM6 	EQU 	7
TWAMR 	EQU 	189
TWAR 	EQU 	186
TWBR 	EQU 	184
TWBR0 	EQU 	0
TWBR1 	EQU 	1
TWBR2 	EQU 	2
TWBR3 	EQU 	3
TWBR4 	EQU 	4
TWBR5 	EQU 	5
TWBR6 	EQU 	6
TWBR7 	EQU 	7
TWCR 	EQU 	188
TWD0 	EQU 	0
TWD1 	EQU 	1
TWD2 	EQU 	2
TWD3 	EQU 	3
TWD4 	EQU 	4
TWD5 	EQU 	5
TWD6 	EQU 	6
TWD7 	EQU 	7
TWDR 	EQU 	187
TWEA 	EQU 	6
TWEN 	EQU 	2
TWGCE 	EQU 	0
TWIE 	EQU 	0
TWINT 	EQU 	7
TWPS0 	EQU 	0
TWPS1 	EQU 	1
TWS3 	EQU 	3
TWS4 	EQU 	4
TWS5 	EQU 	5
TWS6 	EQU 	6
TWS7 	EQU 	7
TWSR 	EQU 	185
TWSTA 	EQU 	5
TWSTO 	EQU 	4
TWWC 	EQU 	3
TXB80 	EQU 	0
TXC0 	EQU 	6
TXCIE0 	EQU 	6
TXEN0 	EQU 	3
U2X0 	EQU 	1
UBRR0 	EQU 	0
UBRR0H 	EQU 	197
UBRR0L 	EQU 	196
UBRR1 	EQU 	1
UBRR10 	EQU 	2
UBRR11 	EQU 	3
UBRR2 	EQU 	2
UBRR3 	EQU 	3
UBRR4 	EQU 	4
UBRR5 	EQU 	5
UBRR6 	EQU 	6
UBRR7 	EQU 	7
UBRR8 	EQU 	0
UBRR9 	EQU 	1
UCPOL0 	EQU 	0
UCSR0A 	EQU 	192
UCSR0B 	EQU 	193
UCSR0C 	EQU 	194
UCSZ00 	EQU 	1
UCSZ01 	EQU 	2
UCSZ02 	EQU 	2
UDR0 	EQU 	198
UDR0-0 	EQU 	0
UDR0-1 	EQU 	1
UDR0-2 	EQU 	2
UDR0-3 	EQU 	3
UDR0-4 	EQU 	4
UDR0-5 	EQU 	5
UDR0-6 	EQU 	6
UDR0-7 	EQU 	7
UDRE0 	EQU 	5
UDRIE0 	EQU 	5
UMSEL00 	EQU 	6
UMSEL01 	EQU 	7
UPE0 	EQU 	2
UPM00 	EQU 	4
UPM01 	EQU 	5
USBS0 	EQU 	3
V 	EQU 	3
WCOL 	EQU 	6
WDCE 	EQU 	4
WDE 	EQU 	3
WDIE 	EQU 	6
WDIF 	EQU 	7
WDP0 	EQU 	0
WDP1 	EQU 	1
WDP2 	EQU 	2
WDP3 	EQU 	5
WDRF 	EQU 	3
WDTCSR 	EQU 	96
WGM00 	EQU 	0
WGM01 	EQU 	1
WGM02 	EQU 	3
WGM10 	EQU 	0
WGM11 	EQU 	1
WGM12 	EQU 	3
WGM13 	EQU 	4
WGM20 	EQU 	0
WGM21 	EQU 	1
WGM22 	EQU 	3
X 	EQU 	28
X+ 	EQU 	29
Y 	EQU 	8
Y+ 	EQU 	25
Z 	EQU 	1
Z+ 	EQU 	17
rZ 	EQU 	0

Code:
Loc	Obj Code	Original Assembly
000000	0000	NOP
000001	C033	RJMP BASPROGRAMSTART
000002	0000	NOP
000003	9518	RETI
000004	0000	NOP
000005	9518	RETI
000006	0000	NOP
000007	9518	RETI
000008	0000	NOP
000009	9518	RETI
00000A	0000	NOP
00000B	9518	RETI
00000C	0000	NOP
00000D	9518	RETI
00000E	0000	NOP
00000F	9518	RETI
000010	0000	NOP
000011	9518	RETI
000012	0000	NOP
000013	9518	RETI
000014	0000	NOP
000015	9518	RETI
000016	0000	NOP
000017	9518	RETI
000018	0000	NOP
000019	9518	RETI
00001A	0000	NOP
00001B	9518	RETI
00001C	0000	NOP
00001D	9518	RETI
00001E	0000	NOP
00001F	9518	RETI
000020	0000	NOP
000021	9518	RETI
000022	0000	NOP
000023	9518	RETI
000024	0000	NOP
000025	9518	RETI
000026	0000	NOP
000027	9518	RETI
000028	0000	NOP
000029	9518	RETI
00002A	0000	NOP
00002B	9518	RETI
00002C	0000	NOP
00002D	9518	RETI
00002E	0000	NOP
00002F	9518	RETI
000030	0000	NOP
000031	9518	RETI
000032	0000	NOP
000033	9518	RETI


000034	0000	NOP
		BASPROGRAMSTART
000035	E058	LDI SYSVALUECOPY,HIGH(RAMEND)
000036	BF5E	OUT SPH, SYSVALUECOPY
000037	EF5F	LDI SYSVALUECOPY,LOW(RAMEND)
000038	BF5D	OUT SPL, SYSVALUECOPY
000039	D036	RCALL INITSYS

00003A	D029	RCALL INIT595
		SYSDOLOOP_S1
00003B	E051	LDI SYSVALUECOPY,1
00003C	9350 0100	STS BITOUT,SYSVALUECOPY
00003E	D038	RCALL SHIFTBIT
00003F	EFD4	LDI SYSWAITTEMPMS,244
000040	E0E1	LDI SYSWAITTEMPMS_H,1
000041	D016	RCALL DELAY_MS
000042	E050	LDI SYSVALUECOPY,0
000043	9350 0101	STS INDEX,SYSVALUECOPY
		SYSFORLOOP1
000045	9000 0101	LDS SYSTEMP1,INDEX
000047	9403	INC SYSTEMP1
000048	9200 0101	STS INDEX,SYSTEMP1
00004A	E050	LDI SYSVALUECOPY,0
00004B	9350 0100	STS BITOUT,SYSVALUECOPY
00004D	D029	RCALL SHIFTBIT
00004E	EFD4	LDI SYSWAITTEMPMS,244
00004F	E0E1	LDI SYSWAITTEMPMS_H,1
000050	D007	RCALL DELAY_MS
000051	9160 0101	LDS SYSCALCTEMPA,INDEX
000053	3067	CPI SYSCALCTEMPA,7
000054	F380	BRLO SYSFORLOOP1
		SYSFORLOOPEND1
000055	CFE5	RJMP SYSDOLOOP_S1
		SYSDOLOOP_E1
		BASPROGRAMEND
000056	9588	SLEEP
000057	CFFE	RJMP BASPROGRAMEND


		DELAY_MS
000058	95E3	INC SYSWAITTEMPMS_H
		DMS_START
000059	EFAE	LDI DELAYTEMP2,254
		DMS_OUTER
00005A	E194	LDI DELAYTEMP,20
		DMS_INNER
00005B	959A	DEC DELAYTEMP
00005C	F7F1	BRNE DMS_INNER
00005D	95AA	DEC DELAYTEMP2
00005E	F7D9	BRNE DMS_OUTER
00005F	95DA	DEC SYSWAITTEMPMS
000060	F7C1	BRNE DMS_START
000061	95EA	DEC SYSWAITTEMPMS_H
000062	F7B1	BRNE DMS_START
000063	9508	RET


		INIT595
000064	9A25	SBI DDRB,5
000065	9A24	SBI DDRB,4
000066	9A23	SBI DDRB,3
000067	9A22	SBI DDRB,2
000068	9A21	SBI DDRB,1
000069	982D	CBI PORTB,5
00006A	982C	CBI PORTB,4
00006B	982B	CBI PORTB,3
00006C	982A	CBI PORTB,2
00006D	9829	CBI PORTB,1
00006E	9A2D	SBI PORTB,5
00006F	9508	RET


		INITSYS
000070	E050	LDI SYSVALUECOPY,0
000071	B955	OUT PORTB,SYSVALUECOPY
000072	E050	LDI SYSVALUECOPY,0
000073	B958	OUT PORTC,SYSVALUECOPY
000074	E050	LDI SYSVALUECOPY,0
000075	B95B	OUT PORTD,SYSVALUECOPY
000076	9508	RET


		SHIFTBIT
000077	982B	CBI PORTB,3
000078	982C	CBI PORTB,4
000079	9829	CBI PORTB,1
00007A	9050 0100	LDS SYSBITTEST,BITOUT
00007C	FC50	SBRC SYSBITTEST,0
00007D	9A29	SBI PORTB,1
00007E	9A2C	SBI PORTB,4
00007F	9A2B	SBI PORTB,3
000080	9508	RET


