GCASM List File (GCBASIC 0.94 2015-10-27)

Symbols:
A 	EQU 	0
ABDEN 	EQU 	0
ABDOVF 	EQU 	7
ACCESS 	EQU 	0
ACKDT 	EQU 	5
ACKEN 	EQU 	4
ACKSTAT 	EQU 	6
ADCON0 	EQU 	31
ADCON1 	EQU 	159
ADCS0 	EQU 	6
ADCS1 	EQU 	7
ADDEN 	EQU 	3
ADFM 	EQU 	7
ADIE 	EQU 	6
ADIF 	EQU 	6
ADON 	EQU 	0
ADRESH 	EQU 	30
ADRESL 	EQU 	158
ANS0 	EQU 	0
ANS1 	EQU 	1
ANS10 	EQU 	2
ANS11 	EQU 	3
ANS12 	EQU 	4
ANS13 	EQU 	5
ANS2 	EQU 	2
ANS3 	EQU 	3
ANS4 	EQU 	4
ANS8 	EQU 	0
ANS9 	EQU 	1
ANSEL 	EQU 	392
ANSELH 	EQU 	393
B 	EQU 	1
BANKED 	EQU 	1
BASPROGRAMEND 	EQU 	58
BASPROGRAMSTART 	EQU 	5
BAUDCTL 	EQU 	391
BCLIE 	EQU 	3
BCLIF 	EQU 	3
BF 	EQU 	0
BRG0 	EQU 	0
BRG1 	EQU 	1
BRG10 	EQU 	2
BRG11 	EQU 	3
BRG12 	EQU 	4
BRG13 	EQU 	5
BRG14 	EQU 	6
BRG15 	EQU 	7
BRG16 	EQU 	3
BRG2 	EQU 	2
BRG3 	EQU 	3
BRG4 	EQU 	4
BRG5 	EQU 	5
BRG6 	EQU 	6
BRG7 	EQU 	7
BRG8 	EQU 	0
BRG9 	EQU 	1
BRGH 	EQU 	2
C 	EQU 	0
C1CH0 	EQU 	0
C1CH1 	EQU 	1
C1IE 	EQU 	5
C1IF 	EQU 	5
C1OE 	EQU 	5
C1ON 	EQU 	7
C1OUT 	EQU 	6
C1POL 	EQU 	4
C1R 	EQU 	2
C1RSEL 	EQU 	5
C1SEN 	EQU 	5
C2CH0 	EQU 	0
C2CH1 	EQU 	1
C2IE 	EQU 	6
C2IF 	EQU 	6
C2OE 	EQU 	5
C2ON 	EQU 	7
C2OUT 	EQU 	6
C2POL 	EQU 	4
C2R 	EQU 	2
C2REN 	EQU 	4
C2RSEL 	EQU 	4
C2SYNC 	EQU 	0
CCP1CON 	EQU 	23
CCP1IE 	EQU 	2
CCP1IF 	EQU 	2
CCP1M0 	EQU 	0
CCP1M1 	EQU 	1
CCP1M2 	EQU 	2
CCP1M3 	EQU 	3
CCP1X 	EQU 	5
CCP1Y 	EQU 	4
CCP2CON 	EQU 	29
CCP2IE 	EQU 	0
CCP2IF 	EQU 	0
CCP2M0 	EQU 	0
CCP2M1 	EQU 	1
CCP2M2 	EQU 	2
CCP2M3 	EQU 	3
CCP2X 	EQU 	5
CCP2Y 	EQU 	4
CCPR1H 	EQU 	22
CCPR1L 	EQU 	21
CCPR2H 	EQU 	28
CCPR2L 	EQU 	27
CHS0 	EQU 	2
CHS1 	EQU 	3
CHS2 	EQU 	4
CHS3 	EQU 	5
CKE 	EQU 	6
CKP 	EQU 	4
CM1CON0 	EQU 	263
CM2CON0 	EQU 	264
CM2CON1 	EQU 	265
CNT 	EQU 	32
CREN 	EQU 	4
CSRC 	EQU 	7
D 	EQU 	5
DATA_ADDRESS 	EQU 	5
DC 	EQU 	1
DC1B0 	EQU 	4
DC1B1 	EQU 	5
DC2B0 	EQU 	4
DC2B1 	EQU 	5
DOPWM 	EQU 	33
D_A 	EQU 	5
ECCPAS 	EQU 	156
ECCPAS0 	EQU 	4
ECCPAS1 	EQU 	5
ECCPAS2 	EQU 	6
ECCPASE 	EQU 	7
EEADR 	EQU 	269
EEADRH 	EQU 	271
EECON1 	EQU 	396
EECON2 	EQU 	397
EEDAT 	EQU 	268
EEDATA 	EQU 	268
EEDATH 	EQU 	270
EEIE 	EQU 	4
EEIF 	EQU 	4
EEPGD 	EQU 	7
ELSE4_1 	EQU 	101
ENDIF4 	EQU 	108
F 	EQU 	1
FERR 	EQU 	2
FSR 	EQU 	4
FVREN 	EQU 	0
GCEN 	EQU 	7
GIE 	EQU 	7
GO 	EQU 	1
GO_DONE 	EQU 	1
HTS 	EQU 	2
I2C_DATA 	EQU 	5
I2C_READ 	EQU 	2
I2C_START 	EQU 	3
I2C_STOP 	EQU 	4
INDF 	EQU 	0
INITSYS 	EQU 	60
INTCON 	EQU 	11
INTE 	EQU 	4
INTEDG 	EQU 	6
INTF 	EQU 	1
IOCB 	EQU 	150
IOCB0 	EQU 	0
IOCB1 	EQU 	1
IOCB2 	EQU 	2
IOCB3 	EQU 	3
IOCB4 	EQU 	4
IOCB5 	EQU 	5
IOCB6 	EQU 	6
IOCB7 	EQU 	7
IRCF0 	EQU 	4
IRCF1 	EQU 	5
IRCF2 	EQU 	6
IRP 	EQU 	7
LTS 	EQU 	1
MC1OUT 	EQU 	7
MC2OUT 	EQU 	6
MSK 	EQU 	147
NOT_A 	EQU 	5
NOT_ADDRESS 	EQU 	5
NOT_BO 	EQU 	0
NOT_BOR 	EQU 	0
NOT_DONE 	EQU 	1
NOT_PD 	EQU 	3
NOT_POR 	EQU 	1
NOT_RBPU 	EQU 	7
NOT_RC8 	EQU 	6
NOT_T1SYNC 	EQU 	2
NOT_TO 	EQU 	4
NOT_TX8 	EQU 	6
NOT_W 	EQU 	2
NOT_WRITE 	EQU 	2
OERR 	EQU 	1
OPTION_REG 	EQU 	129
OSCCON 	EQU 	143
OSCTUNE 	EQU 	144
OSFIE 	EQU 	7
OSFIF 	EQU 	7
OSTS 	EQU 	3
P 	EQU 	4
P1M0 	EQU 	6
P1M1 	EQU 	7
PCL 	EQU 	2
PCLATH 	EQU 	10
PCON 	EQU 	142
PDC0 	EQU 	0
PDC1 	EQU 	1
PDC2 	EQU 	2
PDC3 	EQU 	3
PDC4 	EQU 	4
PDC5 	EQU 	5
PDC6 	EQU 	6
PEIE 	EQU 	6
PEN 	EQU 	2
PIE1 	EQU 	140
PIE2 	EQU 	141
PIR1 	EQU 	12
PIR2 	EQU 	13
PORTA 	EQU 	5
PORTB 	EQU 	6
PORTC 	EQU 	7
PORTE 	EQU 	9
PR2 	EQU 	146
PRSEN 	EQU 	7
PS0 	EQU 	0
PS1 	EQU 	1
PS2 	EQU 	2
PSA 	EQU 	3
PSSAC0 	EQU 	2
PSSAC1 	EQU 	3
PSSBD0 	EQU 	0
PSSBD1 	EQU 	1
PSTRCON 	EQU 	157
PULSR 	EQU 	2
PULSS 	EQU 	3
PWM1CON 	EQU 	155
PWMCHANNEL 	EQU 	34
PWMDUR 	EQU 	35
PWMOUT 	EQU 	81
R 	EQU 	2
RBIE 	EQU 	3
RBIF 	EQU 	0
RC8_9 	EQU 	6
RC9 	EQU 	6
RCD8 	EQU 	0
RCEN 	EQU 	3
RCIDL 	EQU 	6
RCIE 	EQU 	5
RCIF 	EQU 	5
RCREG 	EQU 	26
RCSTA 	EQU 	24
RD 	EQU 	0
READ_WRITE 	EQU 	2
RP0 	EQU 	5
RP1 	EQU 	6
RSEN 	EQU 	1
RX9 	EQU 	6
RX9D 	EQU 	0
R_W 	EQU 	2
S 	EQU 	3
SBOREN 	EQU 	4
SCKP 	EQU 	4
SCS 	EQU 	0
SEN 	EQU 	0
SENDB 	EQU 	3
SMP 	EQU 	7
SOFTPWMCYCLES 	EQU 	36
SOFTPWMDUTY 	EQU 	37
SPBRG 	EQU 	153
SPBRGH 	EQU 	154
SPEN 	EQU 	7
SR0 	EQU 	6
SR1 	EQU 	7
SRCON 	EQU 	389
SREN 	EQU 	5
SSPADD 	EQU 	147
SSPBUF 	EQU 	19
SSPCON 	EQU 	20
SSPCON2 	EQU 	145
SSPEN 	EQU 	5
SSPIE 	EQU 	3
SSPIF 	EQU 	3
SSPM0 	EQU 	0
SSPM1 	EQU 	1
SSPM2 	EQU 	2
SSPM3 	EQU 	3
SSPMSK 	EQU 	147
SSPOV 	EQU 	6
SSPSTAT 	EQU 	148
STATUS 	EQU 	3
STRA 	EQU 	0
STRB 	EQU 	1
STRC 	EQU 	2
STRD 	EQU 	3
STRSYNC 	EQU 	4
SWDTEN 	EQU 	0
SYNC 	EQU 	4
SYSDOLOOP_E1 	EQU 	58
SYSDOLOOP_S1 	EQU 	10
SYSFORLOOP1 	EQU 	13
SYSFORLOOP2 	EQU 	36
SYSFORLOOP3 	EQU 	86
SYSFORLOOP4 	EQU 	88
SYSFORLOOPEND1 	EQU 	34
SYSFORLOOPEND2 	EQU 	57
SYSFORLOOPEND3 	EQU 	116
SYSFORLOOPEND4 	EQU 	112
T0CS 	EQU 	5
T0IE 	EQU 	5
T0IF 	EQU 	2
T0SE 	EQU 	4
T1CKPS0 	EQU 	4
T1CKPS1 	EQU 	5
T1CON 	EQU 	16
T1GIV 	EQU 	7
T1GSS 	EQU 	1
T1INSYNC 	EQU 	2
T1OSCEN 	EQU 	3
T1SYNC 	EQU 	2
T2CKPS0 	EQU 	0
T2CKPS1 	EQU 	1
T2CON 	EQU 	18
TMR0 	EQU 	1
TMR0IE 	EQU 	5
TMR0IF 	EQU 	2
TMR1CS 	EQU 	1
TMR1GE 	EQU 	6
TMR1H 	EQU 	15
TMR1IE 	EQU 	0
TMR1IF 	EQU 	0
TMR1L 	EQU 	14
TMR1ON 	EQU 	0
TMR2 	EQU 	17
TMR2IE 	EQU 	1
TMR2IF 	EQU 	1
TMR2ON 	EQU 	2
TOUTPS0 	EQU 	3
TOUTPS1 	EQU 	4
TOUTPS2 	EQU 	5
TOUTPS3 	EQU 	6
TRISA 	EQU 	133
TRISB 	EQU 	134
TRISC 	EQU 	135
TRISE 	EQU 	137
TRMT 	EQU 	1
TUN0 	EQU 	0
TUN1 	EQU 	1
TUN2 	EQU 	2
TUN3 	EQU 	3
TUN4 	EQU 	4
TX8_9 	EQU 	6
TX9 	EQU 	6
TX9D 	EQU 	0
TXD8 	EQU 	0
TXEN 	EQU 	5
TXIE 	EQU 	4
TXIF 	EQU 	4
TXREG 	EQU 	25
TXSTA 	EQU 	152
UA 	EQU 	1
ULPWUE 	EQU 	5
ULPWUIE 	EQU 	2
ULPWUIF 	EQU 	2
VCFG0 	EQU 	4
VCFG1 	EQU 	5
VR0 	EQU 	0
VR1 	EQU 	1
VR2 	EQU 	2
VR3 	EQU 	3
VRCON 	EQU 	151
VREN 	EQU 	7
VROE 	EQU 	6
VRR 	EQU 	5
VRSS 	EQU 	4
W 	EQU 	0
WCOL 	EQU 	7
WDTCON 	EQU 	261
WDTPS0 	EQU 	1
WDTPS1 	EQU 	2
WDTPS2 	EQU 	3
WDTPS3 	EQU 	4
WPUB 	EQU 	149
WPUB0 	EQU 	0
WPUB1 	EQU 	1
WPUB2 	EQU 	2
WPUB3 	EQU 	3
WPUB4 	EQU 	4
WPUB5 	EQU 	5
WPUB6 	EQU 	6
WPUB7 	EQU 	7
WR 	EQU 	1
WREN 	EQU 	2
WRERR 	EQU 	3
WUE 	EQU 	1
Z 	EQU 	2

Code:
Loc	Obj Code	Original Assembly







000000	2805	GOTO BASPROGRAMSTART

000004	0009	RETFIE



		BASPROGRAMSTART
000005	203C	CALL INITSYS
000000	1683	BANKSEL TRISB
000000	1683 1303	BANKSEL TRISB
000008	1286	BCF TRISB,5
000009	1106	BCF TRISB,2

		SYSDOLOOP_S1
000000	1283	BANKSEL CNT
000000	1283 1303	BANKSEL CNT
00000C	01A0	CLRF CNT
		SYSFORLOOP1
00000D	300A	MOVLW 10
00000E	07A0	ADDWF CNT,F
00000F	3001	MOVLW 1
000010	00A2	MOVWF PWMCHANNEL
000011	0820	MOVF CNT,W
000012	00A5	MOVWF SOFTPWMDUTY
000013	300A	MOVLW 10
000014	00A4	MOVWF SOFTPWMCYCLES
000015	2051	CALL PWMOUT
000016	3002	MOVLW 2
000017	00A2	MOVWF PWMCHANNEL
000018	0820	MOVF CNT,W
000019	3CFA	SUBLW 250
00001A	00A5	MOVWF SOFTPWMDUTY
00001B	300A	MOVLW 10
00001C	00A4	MOVWF SOFTPWMCYCLES
00001D	2051	CALL PWMOUT
00001E	30FA	MOVLW 250
00001F	0220	SUBWF CNT,W
000020	1C03	BTFSS STATUS, C
000021	280D	GOTO SYSFORLOOP1
		SYSFORLOOPEND1
000022	3004	MOVLW 4
000023	00A0	MOVWF CNT
		SYSFORLOOP2
000024	300A	MOVLW 10
000025	02A0	SUBWF CNT,F
000026	3001	MOVLW 1
000027	00A2	MOVWF PWMCHANNEL
000028	0820	MOVF CNT,W
000029	00A5	MOVWF SOFTPWMDUTY
00002A	300A	MOVLW 10
00002B	00A4	MOVWF SOFTPWMCYCLES
00002C	2051	CALL PWMOUT
00002D	3002	MOVLW 2
00002E	00A2	MOVWF PWMCHANNEL
00002F	0820	MOVF CNT,W
000030	3CFA	SUBLW 250
000031	00A5	MOVWF SOFTPWMDUTY
000032	300A	MOVLW 10
000033	00A4	MOVWF SOFTPWMCYCLES
000034	2051	CALL PWMOUT
000035	0820	MOVF CNT,W
000036	3C0A	SUBLW 10
000037	1C03	BTFSS STATUS, C
000038	2824	GOTO SYSFORLOOP2
		SYSFORLOOPEND2
000039	280A	GOTO SYSDOLOOP_S1
		SYSDOLOOP_E1
		BASPROGRAMEND
00003A	0063	SLEEP
00003B	283A	GOTO BASPROGRAMEND


		INITSYS
000000	1683	BANKSEL ADCON1
000000	1683 1303	BANKSEL ADCON1
00003E	139F	BCF ADCON1,ADFM
000000	1283	BANKSEL ADCON0
000000	1283 1303	BANKSEL ADCON0
000041	101F	BCF ADCON0,ADON
000000	1683	BANKSEL ANSEL
000000	1683 1703	BANKSEL ANSEL
000044	0188	CLRF ANSEL
000045	0189	CLRF ANSELH
000000	1283	BANKSEL CM2CON0
000000	1283 1703	BANKSEL CM2CON0
000048	1388	BCF CM2CON0,C2ON
000049	1387	BCF CM1CON0,C1ON
000000	1283	BANKSEL PORTA
000000	1283 1303	BANKSEL PORTA
00004C	0185	CLRF PORTA
00004D	0186	CLRF PORTB
00004E	0187	CLRF PORTC
00004F	0189	CLRF PORTE
000050	0008	RETURN


		PWMOUT
000051	01A3	CLRF PWMDUR
000052	3001	MOVLW 1
000053	0224	SUBWF SOFTPWMCYCLES,W
000054	1C03	BTFSS STATUS, C
000055	2874	GOTO SYSFORLOOPEND3
		SYSFORLOOP3
000056	0AA3	INCF PWMDUR,F
000057	01A1	CLRF DOPWM
		SYSFORLOOP4
000058	0AA1	INCF DOPWM,F
000059	0825	MOVF SOFTPWMDUTY,W
00005A	0221	SUBWF DOPWM,W
00005B	1803	BTFSC STATUS, C
00005C	2865	GOTO ELSE4_1
00005D	0322	DECF PWMCHANNEL,W
00005E	1903	BTFSC STATUS, Z
00005F	1686	BSF PORTB,5
000060	3002	MOVLW 2
000061	0222	SUBWF PWMCHANNEL,W
000062	1903	BTFSC STATUS, Z
000063	1506	BSF PORTB,2
000064	286C	GOTO ENDIF4
		ELSE4_1
000065	0322	DECF PWMCHANNEL,W
000066	1903	BTFSC STATUS, Z
000067	1286	BCF PORTB,5
000068	3002	MOVLW 2
000069	0222	SUBWF PWMCHANNEL,W
00006A	1903	BTFSC STATUS, Z
00006B	1106	BCF PORTB,2
		ENDIF4
00006C	30FF	MOVLW 255
00006D	0221	SUBWF DOPWM,W
00006E	1C03	BTFSS STATUS, C
00006F	2858	GOTO SYSFORLOOP4
		SYSFORLOOPEND4
000070	0824	MOVF SOFTPWMCYCLES,W
000071	0223	SUBWF PWMDUR,W
000072	1C03	BTFSS STATUS, C
000073	2856	GOTO SYSFORLOOP3
		SYSFORLOOPEND3
000074	0008	RETURN





