GCASM List File (GCBASIC 0.96.<<>> 2016-12-14)

Symbols:
A 	EQU 	0
ABDEN 	EQU 	0
ABDOVF 	EQU 	7
ACCESS 	EQU 	0
ACKDT 	EQU 	5
ACKEN 	EQU 	4
ACKSTAT 	EQU 	6
ACQT0 	EQU 	3
ACQT1 	EQU 	4
ACQT2 	EQU 	5
ACTVIE 	EQU 	2
ACTVIF 	EQU 	2
ADCON0 	EQU 	4034
ADCON0_GO_DONE 	EQU 	1
ADCON1 	EQU 	4033
ADCON2 	EQU 	4032
ADCS0 	EQU 	0
ADCS1 	EQU 	1
ADCS2 	EQU 	2
ADDEN 	EQU 	3
ADDR0 	EQU 	0
ADDR1 	EQU 	1
ADDR2 	EQU 	2
ADDR3 	EQU 	3
ADDR4 	EQU 	4
ADDR5 	EQU 	5
ADDR6 	EQU 	6
ADEN 	EQU 	3
ADFM 	EQU 	7
ADIE 	EQU 	6
ADIF 	EQU 	6
ADIP 	EQU 	6
ADON 	EQU 	0
ADRES 	EQU 	4035
ADRESH 	EQU 	4036
ADRESL 	EQU 	4035
AN0 	EQU 	0
AN1 	EQU 	1
AN2 	EQU 	2
AN3 	EQU 	3
AN4 	EQU 	5
B 	EQU 	1
BANKED 	EQU 	1
BASPROGRAMEND 	EQU 	114
BASPROGRAMSTART 	EQU 	12
BAUDCON 	EQU 	4024
BAUDCTL 	EQU 	4024
BAUDCTL_ABDEN 	EQU 	0
BAUDCTL_ABDOVF 	EQU 	7
BAUDCTL_BRG16 	EQU 	3
BAUDCTL_RCIDL 	EQU 	6
BAUDCTL_RCMT 	EQU 	6
BAUDCTL_RXDTP 	EQU 	5
BAUDCTL_SCKP 	EQU 	4
BAUDCTL_TXCKP 	EQU 	4
BAUDCTL_WUE 	EQU 	1
BCLIE 	EQU 	3
BCLIF 	EQU 	3
BCLIP 	EQU 	3
BF 	EQU 	0
BGST 	EQU 	5
BOR 	EQU 	0
BRG16 	EQU 	3
BRGH 	EQU 	2
BSR 	EQU 	4064
BTOEE 	EQU 	4
BTOEF 	EQU 	4
BTSEE 	EQU 	7
BTSEF 	EQU 	7
C 	EQU 	0
C1INV 	EQU 	4
C1OUT 	EQU 	6
C2INV 	EQU 	5
C2OUT 	EQU 	7
CCP1 	EQU 	2
CCP1AS 	EQU 	4022
CCP1CON 	EQU 	4029
CCP1DEL 	EQU 	4023
CCP1IE 	EQU 	2
CCP1IF 	EQU 	2
CCP1IP 	EQU 	2
CCP1M0 	EQU 	0
CCP1M1 	EQU 	1
CCP1M2 	EQU 	2
CCP1M3 	EQU 	3
CCP2CON 	EQU 	4026
CCP2IE 	EQU 	0
CCP2IF 	EQU 	0
CCP2IP 	EQU 	0
CCP2M0 	EQU 	0
CCP2M1 	EQU 	1
CCP2M2 	EQU 	2
CCP2M3 	EQU 	3
CCPR1 	EQU 	4030
CCPR1H 	EQU 	4031
CCPR1L 	EQU 	4030
CCPR2 	EQU 	4027
CCPR2H 	EQU 	4028
CCPR2L 	EQU 	4027
CFGS 	EQU 	6
CHS0 	EQU 	2
CHS1 	EQU 	3
CHS2 	EQU 	4
CHS3 	EQU 	5
CIS 	EQU 	3
CK 	EQU 	6
CK1SPP 	EQU 	0
CK2SPP 	EQU 	1
CKE 	EQU 	6
CKP 	EQU 	4
CLK1EN 	EQU 	4
CLKCFG0 	EQU 	6
CLKCFG1 	EQU 	7
CM0 	EQU 	0
CM1 	EQU 	1
CM2 	EQU 	2
CMCON 	EQU 	4020
CMIE 	EQU 	6
CMIF 	EQU 	6
CMIP 	EQU 	6
CRC16EE 	EQU 	2
CRC16EF 	EQU 	2
CRC5EE 	EQU 	1
CRC5EF 	EQU 	1
CREN 	EQU 	4
CSEN 	EQU 	5
CSRC 	EQU 	7
CURRCHARROW 	EQU 	11
CURRCOL 	EQU 	12
CURRPAGE 	EQU 	13
CVR0 	EQU 	0
CVR1 	EQU 	1
CVR2 	EQU 	2
CVR3 	EQU 	3
CVRCON 	EQU 	4021
CVREF 	EQU 	4
CVREN 	EQU 	7
CVROE 	EQU 	6
CVRR 	EQU 	5
CVRSS 	EQU 	4
D 	EQU 	5
DATA_ADDRESS 	EQU 	5
DC 	EQU 	1
DC1B0 	EQU 	4
DC1B1 	EQU 	5
DC2B0 	EQU 	4
DC2B1 	EQU 	5
DDRA 	EQU 	3986
DDRA_RA0 	EQU 	0
DDRA_RA1 	EQU 	1
DDRA_RA2 	EQU 	2
DDRA_RA3 	EQU 	3
DDRA_RA4 	EQU 	4
DDRA_RA5 	EQU 	5
DDRA_RA6 	EQU 	6
DDRB 	EQU 	3987
DDRB_RB0 	EQU 	0
DDRB_RB1 	EQU 	1
DDRB_RB2 	EQU 	2
DDRB_RB3 	EQU 	3
DDRB_RB4 	EQU 	4
DDRB_RB5 	EQU 	5
DDRB_RB6 	EQU 	6
DDRB_RB7 	EQU 	7
DDRC 	EQU 	3988
DDRC_RC0 	EQU 	0
DDRC_RC1 	EQU 	1
DDRC_RC2 	EQU 	2
DDRC_RC6 	EQU 	6
DDRC_RC7 	EQU 	7
DDRD 	EQU 	3989
DDRD_RD0 	EQU 	0
DDRD_RD1 	EQU 	1
DDRD_RD2 	EQU 	2
DDRD_RD3 	EQU 	3
DDRD_RD4 	EQU 	4
DDRD_RD5 	EQU 	5
DDRD_RD6 	EQU 	6
DDRD_RD7 	EQU 	7
DDRE 	EQU 	3990
DDRE_RE0 	EQU 	0
DDRE_RE1 	EQU 	1
DDRE_RE2 	EQU 	2
DELAYTEMP 	EQU 	0
DELAYTEMP2 	EQU 	1
DELAYUS1 	EQU 	2936
DELAYUS2 	EQU 	2948
DELAYUS3 	EQU 	2960
DELAYUS4 	EQU 	1366
DELAYUS5 	EQU 	1424
DELAY_MS 	EQU 	118
DFN8EE 	EQU 	3
DFN8EF 	EQU 	3
DIR 	EQU 	2
DIV8NOTNEG 	EQU 	3336
DMS_INNER 	EQU 	128
DMS_OUTER 	EQU 	124
DMS_START 	EQU 	120
DONE 	EQU 	1
D_A 	EQU 	5
D_NOT_A 	EQU 	5
ECCP1AS 	EQU 	4022
ECCP1AS_ECCPAS0 	EQU 	4
ECCP1AS_ECCPAS1 	EQU 	5
ECCP1AS_ECCPAS2 	EQU 	6
ECCP1AS_ECCPASE 	EQU 	7
ECCP1AS_PSSAC0 	EQU 	2
ECCP1AS_PSSAC1 	EQU 	3
ECCP1AS_PSSBD0 	EQU 	0
ECCP1AS_PSSBD1 	EQU 	1
ECCP1CON 	EQU 	4029
ECCP1CON_CCP1M0 	EQU 	0
ECCP1CON_CCP1M1 	EQU 	1
ECCP1CON_CCP1M2 	EQU 	2
ECCP1CON_CCP1M3 	EQU 	3
ECCP1CON_DC1B0 	EQU 	4
ECCP1CON_DC1B1 	EQU 	5
ECCP1CON_P1M0 	EQU 	6
ECCP1CON_P1M1 	EQU 	7
ECCP1DEL 	EQU 	4023
ECCP1DEL_PDC0 	EQU 	0
ECCP1DEL_PDC1 	EQU 	1
ECCP1DEL_PDC2 	EQU 	2
ECCP1DEL_PDC3 	EQU 	3
ECCP1DEL_PDC4 	EQU 	4
ECCP1DEL_PDC5 	EQU 	5
ECCP1DEL_PDC6 	EQU 	6
ECCP1DEL_PRSEN 	EQU 	7
ECCPAS0 	EQU 	4
ECCPAS1 	EQU 	5
ECCPAS2 	EQU 	6
ECCPASE 	EQU 	7
EEADR 	EQU 	4009
EECON1 	EQU 	4006
EECON2 	EQU 	4007
EEDATA 	EQU 	4008
EEIE 	EQU 	4
EEIF 	EQU 	4
EEIP 	EQU 	4
EEPGD 	EQU 	7
ELSE14_1 	EQU 	1196
ELSE17_1 	EQU 	804
ELSE20_1 	EQU 	838
ELSE28_1 	EQU 	3172
ELSE29_1 	EQU 	3206
ENDIF1 	EQU 	68
ENDIF14 	EQU 	1218
ENDIF17 	EQU 	872
ENDIF18 	EQU 	746
ENDIF19 	EQU 	758
ENDIF2 	EQU 	110
ENDIF20 	EQU 	862
ENDIF26 	EQU 	3092
ENDIF27 	EQU 	3104
ENDIF28 	EQU 	3178
ENDIF29 	EQU 	3212
ENDIF3 	EQU 	66
ENDIF4 	EQU 	106
ENDIF5 	EQU 	920
ENDIF6 	EQU 	1256
ENDIF9 	EQU 	872
ENDP0 	EQU 	3
ENDP1 	EQU 	4
ENDP2 	EQU 	5
ENDP3 	EQU 	6
EPCONDIS 	EQU 	3
EPHSHK 	EQU 	4
EPINEN 	EQU 	1
EPOUTEN 	EQU 	2
EPSTALL 	EQU 	0
F 	EQU 	1
FERR 	EQU 	2
FLTS 	EQU 	2
FN_GLCDREADBYTE_KS0108 	EQU 	1342
FREE 	EQU 	4
FRM0 	EQU 	0
FRM1 	EQU 	1
FRM10 	EQU 	2
FRM2 	EQU 	2
FRM3 	EQU 	3
FRM4 	EQU 	4
FRM5 	EQU 	5
FRM6 	EQU 	6
FRM7 	EQU 	7
FRM8 	EQU 	0
FRM9 	EQU 	1
FSEN 	EQU 	2
FSR0H 	EQU 	4074
FSR0L 	EQU 	4073
FSR1H 	EQU 	4066
FSR1L 	EQU 	4065
FSR2H 	EQU 	4058
FSR2L 	EQU 	4057
GCEN 	EQU 	7
GIE 	EQU 	7
GIEH 	EQU 	7
GIEL 	EQU 	6
GIE_GIEH 	EQU 	7
GLCDBACKGROUND 	EQU 	14
GLCDBACKGROUND_H 	EQU 	15
GLCDBITNO 	EQU 	16
GLCDBMPLOAD 	EQU 	146
GLCDCHANGE 	EQU 	17
GLCDCLS_KS0108 	EQU 	1262
GLCDCOLOUR 	EQU 	18
GLCDCOLOUR_H 	EQU 	19
GLCDDATATEMP 	EQU 	20
GLCDFNTDEFAULT 	EQU 	21
GLCDFNTDEFAULTSIZE 	EQU 	22
GLCDFONTWIDTH 	EQU 	23
GLCDFOREGROUND 	EQU 	24
GLCDFOREGROUND_H 	EQU 	25
GLCDREADBYTE_KS0108 	EQU 	26
GLCDTABLE1 	EQU 	1430
GLCDTABLE1_H 	EQU 	1958
GLCDTABLE2 	EQU 	2002
GLCDTABLE2_H 	EQU 	2696
GLCDTABLE3 	EQU 	2740
GLCDTABLE4 	EQU 	2770
GLCDTABLE5 	EQU 	2800
GLCDWRITEBYTE_KS0108 	EQU 	2830
GLCDX 	EQU 	27
GLCDXPOS 	EQU 	28
GLCDY 	EQU 	29
GLCDYPOS 	EQU 	30
GLCD_COUNT 	EQU 	31
GLCD_YORDINATE 	EQU 	32
GLCD_YORDINATE_H 	EQU 	33
GO 	EQU 	1
GO_DONE 	EQU 	1
GO_NOT_DONE 	EQU 	1
HCOUNT 	EQU 	34
HLVDCON 	EQU 	4050
HLVDEN 	EQU 	4
HLVDIE 	EQU 	2
HLVDIF 	EQU 	2
HLVDIN 	EQU 	5
HLVDIP 	EQU 	2
HLVDL0 	EQU 	0
HLVDL1 	EQU 	1
HLVDL2 	EQU 	2
HLVDL3 	EQU 	3
I2C_DAT 	EQU 	5
I2C_READ 	EQU 	2
I2C_START 	EQU 	3
I2C_STOP 	EQU 	4
IDLEIE 	EQU 	4
IDLEIF 	EQU 	4
IDLEN 	EQU 	7
INDF0 	EQU 	4079
INDF1 	EQU 	4071
INDF2 	EQU 	4063
INITGLCD_KS0108 	EQU 	2968
INITSYS 	EQU 	3050
INT0 	EQU 	0
INT0E 	EQU 	4
INT0F 	EQU 	1
INT0IE 	EQU 	4
INT0IF 	EQU 	1
INT1 	EQU 	1
INT1E 	EQU 	3
INT1F 	EQU 	0
INT1IE 	EQU 	3
INT1IF 	EQU 	0
INT1IP 	EQU 	6
INT1P 	EQU 	6
INT2 	EQU 	2
INT2E 	EQU 	4
INT2F 	EQU 	1
INT2IE 	EQU 	4
INT2IF 	EQU 	1
INT2IP 	EQU 	7
INT2P 	EQU 	7
INTCON 	EQU 	4082
INTCON2 	EQU 	4081
INTCON3 	EQU 	4080
INTEDG0 	EQU 	6
INTEDG1 	EQU 	5
INTEDG2 	EQU 	4
INTSRC 	EQU 	7
IOFS 	EQU 	2
IPEN 	EQU 	7
IPR1 	EQU 	3999
IPR2 	EQU 	4002
IRCF0 	EQU 	4
IRCF1 	EQU 	5
IRCF2 	EQU 	6
IRVST 	EQU 	5
IVRST 	EQU 	5
LASTIMG 	EQU 	35
LATA 	EQU 	3977
LATA0 	EQU 	0
LATA1 	EQU 	1
LATA2 	EQU 	2
LATA3 	EQU 	3
LATA4 	EQU 	4
LATA5 	EQU 	5
LATA6 	EQU 	6
LATB 	EQU 	3978
LATB0 	EQU 	0
LATB1 	EQU 	1
LATB2 	EQU 	2
LATB3 	EQU 	3
LATB4 	EQU 	4
LATB5 	EQU 	5
LATB6 	EQU 	6
LATB7 	EQU 	7
LATC 	EQU 	3979
LATC0 	EQU 	0
LATC1 	EQU 	1
LATC2 	EQU 	2
LATC6 	EQU 	6
LATC7 	EQU 	7
LATD 	EQU 	3980
LATD0 	EQU 	0
LATD1 	EQU 	1
LATD2 	EQU 	2
LATD3 	EQU 	3
LATD4 	EQU 	4
LATD5 	EQU 	5
LATD6 	EQU 	6
LATD7 	EQU 	7
LATE 	EQU 	3981
LATE0 	EQU 	0
LATE1 	EQU 	1
LATE2 	EQU 	2
LCDBYTE 	EQU 	36
LVDCON 	EQU 	4050
LVDCON_BGST 	EQU 	5
LVDCON_HLVDEN 	EQU 	4
LVDCON_HLVDL0 	EQU 	0
LVDCON_HLVDL1 	EQU 	1
LVDCON_HLVDL2 	EQU 	2
LVDCON_HLVDL3 	EQU 	3
LVDCON_IRVST 	EQU 	5
LVDCON_IVRST 	EQU 	5
LVDCON_LVDEN 	EQU 	4
LVDCON_LVDL0 	EQU 	0
LVDCON_LVDL1 	EQU 	1
LVDCON_LVDL2 	EQU 	2
LVDCON_LVDL3 	EQU 	3
LVDCON_LVV0 	EQU 	0
LVDCON_LVV1 	EQU 	1
LVDCON_LVV2 	EQU 	2
LVDCON_LVV3 	EQU 	3
LVDCON_VDIRMAG 	EQU 	7
LVDEN 	EQU 	4
LVDIE 	EQU 	2
LVDIF 	EQU 	2
LVDIN 	EQU 	5
LVDIP 	EQU 	2
LVDL0 	EQU 	0
LVDL1 	EQU 	1
LVDL2 	EQU 	2
LVDL3 	EQU 	3
LVV0 	EQU 	0
LVV1 	EQU 	1
LVV2 	EQU 	2
LVV3 	EQU 	3
MAXHEIGHT 	EQU 	37
N 	EQU 	4
NOT_A 	EQU 	5
NOT_ADDRESS 	EQU 	5
NOT_BOR 	EQU 	0
NOT_DONE 	EQU 	1
NOT_IPEN 	EQU 	7
NOT_PD 	EQU 	2
NOT_POR 	EQU 	1
NOT_RBPU 	EQU 	7
NOT_RI 	EQU 	4
NOT_T1SYNC 	EQU 	2
NOT_T3SYNC 	EQU 	2
NOT_TO 	EQU 	3
NOT_W 	EQU 	2
NOT_WRITE 	EQU 	2
OBJHEIGHT 	EQU 	38
OBJWIDTH 	EQU 	39
OERR 	EQU 	1
OESPP 	EQU 	2
OLDGLCDXPOS 	EQU 	40
ONPAGEBOUNDARY 	EQU 	41
OPTMISEGLCDDRAW 	EQU 	42
OSC2 	EQU 	6
OSCCON 	EQU 	4051
OSCFIE 	EQU 	7
OSCFIF 	EQU 	7
OSCFIP 	EQU 	7
OSCTUNE 	EQU 	3995
OSTS 	EQU 	3
OV 	EQU 	3
P 	EQU 	4
P1A 	EQU 	2
P1M0 	EQU 	6
P1M1 	EQU 	7
PC 	EQU 	4089
PCFG0 	EQU 	0
PCFG1 	EQU 	1
PCFG2 	EQU 	2
PCFG3 	EQU 	3
PCL 	EQU 	4089
PCLATH 	EQU 	4090
PCLATU 	EQU 	4091
PD 	EQU 	2
PDC0 	EQU 	0
PDC1 	EQU 	1
PDC2 	EQU 	2
PDC3 	EQU 	3
PDC4 	EQU 	4
PDC5 	EQU 	5
PDC6 	EQU 	6
PEIE 	EQU 	6
PEIE_GIEL 	EQU 	6
PEN 	EQU 	2
PGC 	EQU 	6
PGD 	EQU 	7
PGM 	EQU 	5
PIDEE 	EQU 	0
PIDEF 	EQU 	0
PIE1 	EQU 	3997
PIE2 	EQU 	4000
PIR1 	EQU 	3998
PIR2 	EQU 	4001
PKTDIS 	EQU 	4
PLUSW0 	EQU 	4075
PLUSW1 	EQU 	4067
PLUSW2 	EQU 	4059
POR 	EQU 	1
PORTA 	EQU 	3968
PORTB 	EQU 	3969
PORTC 	EQU 	3970
PORTD 	EQU 	3971
PORTE 	EQU 	3972
POSTDEC0 	EQU 	4077
POSTDEC1 	EQU 	4069
POSTDEC2 	EQU 	4061
POSTINC0 	EQU 	4078
POSTINC1 	EQU 	4070
POSTINC2 	EQU 	4062
PPB0 	EQU 	0
PPB1 	EQU 	1
PPBI 	EQU 	1
PPBRST 	EQU 	6
PR2 	EQU 	4043
PREINC0 	EQU 	4076
PREINC1 	EQU 	4068
PREINC2 	EQU 	4060
PROD 	EQU 	4083
PRODH 	EQU 	4084
PRODL 	EQU 	4083
PRSEN 	EQU 	7
PSA 	EQU 	3
PSET_KS0108 	EQU 	3084
PSSAC0 	EQU 	2
PSSAC1 	EQU 	3
PSSBD0 	EQU 	0
PSSBD1 	EQU 	1
R 	EQU 	2
RA0 	EQU 	0
RA1 	EQU 	1
RA2 	EQU 	2
RA3 	EQU 	3
RA4 	EQU 	4
RA5 	EQU 	5
RA6 	EQU 	6
RB0 	EQU 	0
RB1 	EQU 	1
RB2 	EQU 	2
RB3 	EQU 	3
RB4 	EQU 	4
RB5 	EQU 	5
RB6 	EQU 	6
RB7 	EQU 	7
RBIE 	EQU 	3
RBIF 	EQU 	0
RBIP 	EQU 	0
RBPU 	EQU 	7
RC0 	EQU 	0
RC1 	EQU 	1
RC2 	EQU 	2
RC4 	EQU 	4
RC5 	EQU 	5
RC6 	EQU 	6
RC7 	EQU 	7
RCEN 	EQU 	3
RCIDL 	EQU 	6
RCIE 	EQU 	5
RCIF 	EQU 	5
RCIP 	EQU 	5
RCMT 	EQU 	6
RCON 	EQU 	4048
RCREG 	EQU 	4014
RCSTA 	EQU 	4011
RD 	EQU 	0
RD0 	EQU 	0
RD1 	EQU 	1
RD16 	EQU 	7
RD2 	EQU 	2
RD3 	EQU 	3
RD4 	EQU 	4
RD5 	EQU 	5
RD6 	EQU 	6
RD7 	EQU 	7
RDPU 	EQU 	7
RDSPP 	EQU 	7
RE0 	EQU 	0
RE1 	EQU 	1
RE2 	EQU 	2
RE3 	EQU 	3
READ_WRITE 	EQU 	2
RESUME 	EQU 	2
RI 	EQU 	4
RSEN 	EQU 	1
RX 	EQU 	7
RX9 	EQU 	6
RX9D 	EQU 	0
RXDTP 	EQU 	5
R_NOT_W 	EQU 	2
R_W 	EQU 	2
S 	EQU 	3
SBOREN 	EQU 	6
SCKP 	EQU 	4
SCLT16TRUE 	EQU 	3298
SCS0 	EQU 	0
SCS1 	EQU 	1
SE0 	EQU 	5
SELECTEDTABLE 	EQU 	43
SELECTEDTABLE_H 	EQU 	44
SEN 	EQU 	0
SENDB 	EQU 	3
SMP 	EQU 	7
SOFIE 	EQU 	6
SOFIF 	EQU 	6
SPBRG 	EQU 	4015
SPBRGH 	EQU 	4016
SPEN 	EQU 	7
SPP0 	EQU 	0
SPP1 	EQU 	1
SPP2 	EQU 	2
SPP3 	EQU 	3
SPP4 	EQU 	4
SPP5 	EQU 	5
SPP6 	EQU 	6
SPP7 	EQU 	7
SPPBUSY 	EQU 	4
SPPCFG 	EQU 	3939
SPPCON 	EQU 	3941
SPPDATA 	EQU 	3938
SPPEN 	EQU 	0
SPPEPS 	EQU 	3940
SPPIE 	EQU 	7
SPPIF 	EQU 	7
SPPIP 	EQU 	7
SPPOWN 	EQU 	1
SREN 	EQU 	5
SSPADD 	EQU 	4040
SSPBUF 	EQU 	4041
SSPCON1 	EQU 	4038
SSPCON2 	EQU 	4037
SSPEN 	EQU 	5
SSPIE 	EQU 	3
SSPIF 	EQU 	3
SSPIP 	EQU 	3
SSPM0 	EQU 	0
SSPM1 	EQU 	1
SSPM2 	EQU 	2
SSPM3 	EQU 	3
SSPOV 	EQU 	6
SSPSTAT 	EQU 	4039
STALLIE 	EQU 	5
STALLIF 	EQU 	5
STATUS 	EQU 	4056
STKFUL 	EQU 	7
STKOVF 	EQU 	7
STKPTR 	EQU 	4092
STKPTR0 	EQU 	0
STKPTR1 	EQU 	1
STKPTR2 	EQU 	2
STKPTR3 	EQU 	3
STKPTR4 	EQU 	4
STKUNF 	EQU 	6
SUSPND 	EQU 	1
SWDTE 	EQU 	0
SWDTEN 	EQU 	0
SYNC 	EQU 	4
SYSBITVAR0 	EQU 	45
SYSBYTETEMPA 	EQU 	5
SYSBYTETEMPB 	EQU 	9
SYSBYTETEMPX 	EQU 	0
SYSCOMPEQUAL 	EQU 	3236
SYSCOMPEQUAL16 	EQU 	3246
SYSCOMPLESSTHAN 	EQU 	3264
SYSCOMPLESSTHAN16 	EQU 	3274
SYSDIV8START 	EQU 	3314
SYSDIVLOOP 	EQU 	4
SYSDIVSUB 	EQU 	3302
SYSDOLOOP_E1 	EQU 	112
SYSDOLOOP_S1 	EQU 	28
SYSFORLOOP1 	EQU 	500
SYSFORLOOP2 	EQU 	528
SYSFORLOOP3 	EQU 	806
SYSFORLOOP4 	EQU 	962
SYSFORLOOP5 	EQU 	1166
SYSFORLOOP6 	EQU 	1272
SYSFORLOOP7 	EQU 	1276
SYSFORLOOP8 	EQU 	1290
SYSFORLOOPEND1 	EQU 	920
SYSFORLOOPEND2 	EQU 	892
SYSFORLOOPEND3 	EQU 	872
SYSFORLOOPEND4 	EQU 	1256
SYSFORLOOPEND5 	EQU 	1238
SYSFORLOOPEND6 	EQU 	1336
SYSFORLOOPEND7 	EQU 	1324
SYSFORLOOPEND8 	EQU 	1316
SYSREPEATLOOP1 	EQU 	3188
SYSREPEATLOOPEND1 	EQU 	3194
SYSREPEATTEMP1 	EQU 	46
SYSSELECT1CASE1 	EQU 	152
SYSSELECT1CASE2 	EQU 	208
SYSSELECT1CASE3 	EQU 	264
SYSSELECT1CASE4 	EQU 	316
SYSSELECT1CASE5 	EQU 	368
SYSSELECT1CASE6 	EQU 	418
SYSSELECT2CASE1 	EQU 	530
SYSSELECT2CASE2 	EQU 	568
SYSSELECT2CASE3 	EQU 	606
SYSSELECT2CASE4 	EQU 	642
SYSSELECT2CASE5 	EQU 	678
SYSSELECT2CASE6 	EQU 	712
SYSSELECT3CASE1 	EQU 	964
SYSSELECT3CASE2 	EQU 	1002
SYSSELECT3CASE3 	EQU 	1040
SYSSELECT3CASE4 	EQU 	1074
SYSSELECT3CASE5 	EQU 	1108
SYSSELECT3CASE6 	EQU 	1140
SYSSELECTEND1 	EQU 	418
SYSSELECTEND2 	EQU 	712
SYSSELECTEND3 	EQU 	1140
SYSSTRINGA 	EQU 	7
SYSSTRINGA_H 	EQU 	8
SYSTEMP1 	EQU 	47
SYSTEMP2 	EQU 	48
SYSWAITLOOP1 	EQU 	2848
SYSWAITTEMPMS 	EQU 	2
SYSWAITTEMPMS_H 	EQU 	3
SYSWAITTEMPUS 	EQU 	5
SYSWAITTEMPUS_H 	EQU 	6
SYSWORDTEMPA 	EQU 	5
SYSWORDTEMPA_H 	EQU 	6
SYSWORDTEMPB 	EQU 	9
SYSWORDTEMPB_H 	EQU 	10
T08BIT 	EQU 	6
T0CKI 	EQU 	4
T0CON 	EQU 	4053
T0CS 	EQU 	5
T0IE 	EQU 	5
T0IF 	EQU 	2
T0IP 	EQU 	2
T0PS0 	EQU 	0
T0PS1 	EQU 	1
T0PS2 	EQU 	2
T0SE 	EQU 	4
T13CKI 	EQU 	0
T1CKPS0 	EQU 	4
T1CKPS1 	EQU 	5
T1CON 	EQU 	4045
T1CON_RD16 	EQU 	7
T1OSCEN 	EQU 	3
T1OSI 	EQU 	1
T1OSO 	EQU 	0
T1RUN 	EQU 	6
T1SYNC 	EQU 	2
T2CKPS0 	EQU 	0
T2CKPS1 	EQU 	1
T2CON 	EQU 	4042
T2OUTPS0 	EQU 	3
T2OUTPS1 	EQU 	4
T2OUTPS2 	EQU 	5
T2OUTPS3 	EQU 	6
T3CCP1 	EQU 	3
T3CCP2 	EQU 	6
T3CKPS0 	EQU 	4
T3CKPS1 	EQU 	5
T3CON 	EQU 	4017
T3NSYNC 	EQU 	2
T3SYNC 	EQU 	2
TABLAT 	EQU 	4085
TABLEGLCDTABLE1 	EQU 	1474
TABLEGLCDTABLE1_H 	EQU 	2000
TABLEGLCDTABLE2 	EQU 	2046
TABLEGLCDTABLE2_H 	EQU 	2738
TABLEGLCDTABLE3 	EQU 	2766
TABLEGLCDTABLE4 	EQU 	2796
TABLEGLCDTABLE5 	EQU 	2826
TABLEREADPOSITION 	EQU 	49
TABLEREADPOSITION_H 	EQU 	50
TBLPTR 	EQU 	4086
TBLPTRH 	EQU 	4087
TBLPTRL 	EQU 	4086
TBLPTRU 	EQU 	4088
TMR0 	EQU 	4054
TMR0H 	EQU 	4055
TMR0IE 	EQU 	5
TMR0IF 	EQU 	2
TMR0IP 	EQU 	2
TMR0L 	EQU 	4054
TMR0ON 	EQU 	7
TMR1 	EQU 	4046
TMR1CS 	EQU 	1
TMR1H 	EQU 	4047
TMR1IE 	EQU 	0
TMR1IF 	EQU 	0
TMR1IP 	EQU 	0
TMR1L 	EQU 	4046
TMR1ON 	EQU 	0
TMR2 	EQU 	4044
TMR2IE 	EQU 	1
TMR2IF 	EQU 	1
TMR2IP 	EQU 	1
TMR2ON 	EQU 	2
TMR3 	EQU 	4018
TMR3CS 	EQU 	1
TMR3H 	EQU 	4019
TMR3IE 	EQU 	1
TMR3IF 	EQU 	1
TMR3IP 	EQU 	1
TMR3L 	EQU 	4018
TMR3ON 	EQU 	0
TO 	EQU 	3
TOS 	EQU 	4093
TOSH 	EQU 	4094
TOSL 	EQU 	4093
TOSU 	EQU 	4095
TOUTPS0 	EQU 	3
TOUTPS1 	EQU 	4
TOUTPS2 	EQU 	5
TOUTPS3 	EQU 	6
TRISA 	EQU 	3986
TRISA0 	EQU 	0
TRISA1 	EQU 	1
TRISA2 	EQU 	2
TRISA3 	EQU 	3
TRISA4 	EQU 	4
TRISA5 	EQU 	5
TRISA6 	EQU 	6
TRISA_RA0 	EQU 	0
TRISA_RA1 	EQU 	1
TRISA_RA2 	EQU 	2
TRISA_RA3 	EQU 	3
TRISA_RA4 	EQU 	4
TRISA_RA5 	EQU 	5
TRISA_RA6 	EQU 	6
TRISA_TRISA0 	EQU 	0
TRISA_TRISA1 	EQU 	1
TRISA_TRISA2 	EQU 	2
TRISA_TRISA3 	EQU 	3
TRISA_TRISA4 	EQU 	4
TRISA_TRISA5 	EQU 	5
TRISA_TRISA6 	EQU 	6
TRISB 	EQU 	3987
TRISB0 	EQU 	0
TRISB1 	EQU 	1
TRISB2 	EQU 	2
TRISB3 	EQU 	3
TRISB4 	EQU 	4
TRISB5 	EQU 	5
TRISB6 	EQU 	6
TRISB7 	EQU 	7
TRISB_RB0 	EQU 	0
TRISB_RB1 	EQU 	1
TRISB_RB2 	EQU 	2
TRISB_RB3 	EQU 	3
TRISB_RB4 	EQU 	4
TRISB_RB5 	EQU 	5
TRISB_RB6 	EQU 	6
TRISB_RB7 	EQU 	7
TRISB_TRISB0 	EQU 	0
TRISB_TRISB1 	EQU 	1
TRISB_TRISB2 	EQU 	2
TRISB_TRISB3 	EQU 	3
TRISB_TRISB4 	EQU 	4
TRISB_TRISB5 	EQU 	5
TRISB_TRISB6 	EQU 	6
TRISB_TRISB7 	EQU 	7
TRISC 	EQU 	3988
TRISC0 	EQU 	0
TRISC1 	EQU 	1
TRISC2 	EQU 	2
TRISC6 	EQU 	6
TRISC7 	EQU 	7
TRISC_RC0 	EQU 	0
TRISC_RC1 	EQU 	1
TRISC_RC2 	EQU 	2
TRISC_RC6 	EQU 	6
TRISC_RC7 	EQU 	7
TRISC_TRISC0 	EQU 	0
TRISC_TRISC1 	EQU 	1
TRISC_TRISC2 	EQU 	2
TRISC_TRISC6 	EQU 	6
TRISC_TRISC7 	EQU 	7
TRISD 	EQU 	3989
TRISD0 	EQU 	0
TRISD1 	EQU 	1
TRISD2 	EQU 	2
TRISD3 	EQU 	3
TRISD4 	EQU 	4
TRISD5 	EQU 	5
TRISD6 	EQU 	6
TRISD7 	EQU 	7
TRISD_RD0 	EQU 	0
TRISD_RD1 	EQU 	1
TRISD_RD2 	EQU 	2
TRISD_RD3 	EQU 	3
TRISD_RD4 	EQU 	4
TRISD_RD5 	EQU 	5
TRISD_RD6 	EQU 	6
TRISD_RD7 	EQU 	7
TRISD_TRISD0 	EQU 	0
TRISD_TRISD1 	EQU 	1
TRISD_TRISD2 	EQU 	2
TRISD_TRISD3 	EQU 	3
TRISD_TRISD4 	EQU 	4
TRISD_TRISD5 	EQU 	5
TRISD_TRISD6 	EQU 	6
TRISD_TRISD7 	EQU 	7
TRISE 	EQU 	3990
TRISE0 	EQU 	0
TRISE1 	EQU 	1
TRISE2 	EQU 	2
TRISE_RE0 	EQU 	0
TRISE_RE1 	EQU 	1
TRISE_RE2 	EQU 	2
TRISE_TRISE0 	EQU 	0
TRISE_TRISE1 	EQU 	1
TRISE_TRISE2 	EQU 	2
TRMT 	EQU 	1
TRNIE 	EQU 	3
TRNIF 	EQU 	3
TUN0 	EQU 	0
TUN1 	EQU 	1
TUN2 	EQU 	2
TUN3 	EQU 	3
TUN4 	EQU 	4
TX 	EQU 	6
TX9 	EQU 	6
TX9D 	EQU 	0
TXCKP 	EQU 	4
TXEN 	EQU 	5
TXIE 	EQU 	4
TXIF 	EQU 	4
TXIP 	EQU 	4
TXREG 	EQU 	4013
TXSTA 	EQU 	4012
UA 	EQU 	1
UADDR 	EQU 	3950
UADDR_ADDR0 	EQU 	0
UADDR_ADDR1 	EQU 	1
UADDR_ADDR2 	EQU 	2
UADDR_ADDR3 	EQU 	3
UCFG 	EQU 	3951
UCON 	EQU 	3949
UEIE 	EQU 	3947
UEIR 	EQU 	3946
UEP0 	EQU 	3952
UEP1 	EQU 	3953
UEP10 	EQU 	3962
UEP10_EPCONDIS 	EQU 	3
UEP10_EPHSHK 	EQU 	4
UEP10_EPINEN 	EQU 	1
UEP10_EPOUTEN 	EQU 	2
UEP10_EPSTALL 	EQU 	0
UEP11 	EQU 	3963
UEP11_EPCONDIS 	EQU 	3
UEP11_EPHSHK 	EQU 	4
UEP11_EPINEN 	EQU 	1
UEP11_EPOUTEN 	EQU 	2
UEP11_EPSTALL 	EQU 	0
UEP12 	EQU 	3964
UEP12_EPCONDIS 	EQU 	3
UEP12_EPHSHK 	EQU 	4
UEP12_EPINEN 	EQU 	1
UEP12_EPOUTEN 	EQU 	2
UEP12_EPSTALL 	EQU 	0
UEP13 	EQU 	3965
UEP13_EPCONDIS 	EQU 	3
UEP13_EPHSHK 	EQU 	4
UEP13_EPINEN 	EQU 	1
UEP13_EPOUTEN 	EQU 	2
UEP13_EPSTALL 	EQU 	0
UEP14 	EQU 	3966
UEP14_EPCONDIS 	EQU 	3
UEP14_EPHSHK 	EQU 	4
UEP14_EPINEN 	EQU 	1
UEP14_EPOUTEN 	EQU 	2
UEP14_EPSTALL 	EQU 	0
UEP15 	EQU 	3967
UEP15_EPCONDIS 	EQU 	3
UEP15_EPHSHK 	EQU 	4
UEP15_EPINEN 	EQU 	1
UEP15_EPOUTEN 	EQU 	2
UEP15_EPSTALL 	EQU 	0
UEP1_EPCONDIS 	EQU 	3
UEP1_EPHSHK 	EQU 	4
UEP1_EPINEN 	EQU 	1
UEP1_EPOUTEN 	EQU 	2
UEP1_EPSTALL 	EQU 	0
UEP2 	EQU 	3954
UEP2_EPCONDIS 	EQU 	3
UEP2_EPHSHK 	EQU 	4
UEP2_EPINEN 	EQU 	1
UEP2_EPOUTEN 	EQU 	2
UEP2_EPSTALL 	EQU 	0
UEP3 	EQU 	3955
UEP3_EPCONDIS 	EQU 	3
UEP3_EPHSHK 	EQU 	4
UEP3_EPINEN 	EQU 	1
UEP3_EPOUTEN 	EQU 	2
UEP3_EPSTALL 	EQU 	0
UEP4 	EQU 	3956
UEP4_EPCONDIS 	EQU 	3
UEP4_EPHSHK 	EQU 	4
UEP4_EPINEN 	EQU 	1
UEP4_EPOUTEN 	EQU 	2
UEP4_EPSTALL 	EQU 	0
UEP5 	EQU 	3957
UEP5_EPCONDIS 	EQU 	3
UEP5_EPHSHK 	EQU 	4
UEP5_EPINEN 	EQU 	1
UEP5_EPOUTEN 	EQU 	2
UEP5_EPSTALL 	EQU 	0
UEP6 	EQU 	3958
UEP6_EPCONDIS 	EQU 	3
UEP6_EPHSHK 	EQU 	4
UEP6_EPINEN 	EQU 	1
UEP6_EPOUTEN 	EQU 	2
UEP6_EPSTALL 	EQU 	0
UEP7 	EQU 	3959
UEP7_EPCONDIS 	EQU 	3
UEP7_EPHSHK 	EQU 	4
UEP7_EPINEN 	EQU 	1
UEP7_EPOUTEN 	EQU 	2
UEP7_EPSTALL 	EQU 	0
UEP8 	EQU 	3960
UEP8_EPCONDIS 	EQU 	3
UEP8_EPHSHK 	EQU 	4
UEP8_EPINEN 	EQU 	1
UEP8_EPOUTEN 	EQU 	2
UEP8_EPSTALL 	EQU 	0
UEP9 	EQU 	3961
UEP9_EPCONDIS 	EQU 	3
UEP9_EPHSHK 	EQU 	4
UEP9_EPINEN 	EQU 	1
UEP9_EPOUTEN 	EQU 	2
UEP9_EPSTALL 	EQU 	0
UERRIE 	EQU 	1
UERRIF 	EQU 	1
UFRM 	EQU 	3942
UFRMH 	EQU 	3943
UFRML 	EQU 	3942
UIE 	EQU 	3945
UIR 	EQU 	3944
UOEMON 	EQU 	6
UPUEN 	EQU 	4
URSTIE 	EQU 	0
URSTIF 	EQU 	0
USBEN 	EQU 	3
USBIE 	EQU 	5
USBIF 	EQU 	5
USBIP 	EQU 	5
USTAT 	EQU 	3948
UTEYE 	EQU 	7
UTRDIS 	EQU 	3
VCFG0 	EQU 	4
VCFG1 	EQU 	5
VDIRMAG 	EQU 	7
VREFM 	EQU 	2
VREFP 	EQU 	3
W 	EQU 	0
WBYTE 	EQU 	51
WCOL 	EQU 	7
WDTCON 	EQU 	4049
WHOLEYBYTES 	EQU 	52
WIDTHCOUNT 	EQU 	53
WR 	EQU 	1
WREG 	EQU 	4072
WREN 	EQU 	2
WRERR 	EQU 	3
WRSPP 	EQU 	6
WS0 	EQU 	0
WS1 	EQU 	1
WS2 	EQU 	2
WS3 	EQU 	3
WUE 	EQU 	1
Z 	EQU 	2

Code:
Loc	Obj Code	Original Assembly




























































000000	EF06 F000	GOTO BASPROGRAMSTART

000008	0010	RETFIE



		BASPROGRAMSTART
00000C	ECF5 F005	CALL INITSYS
000010	ECCC F005	CALL INITGLCD_KS0108
000014	8093	BSF TRISB,0,ACCESS

000016	6B2A	CLRF OPTMISEGLCDDRAW,BANKED
000018	0E02	MOVLW 2
00001A	6F23	MOVWF LASTIMG,BANKED
		SYSDOLOOP_S1
00001C	B081	BTFSC PORTB,0,ACCESS
00001E	D012	BRA ENDIF1
000020	5323	MOVF LASTIMG,F,BANKED
000022	B4D8	BTFSC STATUS, Z,ACCESS
000024	D00E	BRA ENDIF3
000026	DA63	RCALL GLCDCLS_KS0108

000028	0E22	MOVLW 34
00002A	6F1C	MOVWF GLCDXPOS,BANKED
00002C	6B1E	CLRF GLCDYPOS,BANKED
00002E	0E96	MOVLW LOW(GLCDTABLE1)
000030	6F2B	MOVWF SELECTEDTABLE,BANKED
000032	0E05	MOVLW HIGH(GLCDTABLE1)
000034	6F2C	MOVWF SELECTEDTABLE_H,BANKED
000036	D82D	RCALL GLCDBMPLOAD

000038	0EEE	MOVLW 238
00003A	6E02	MOVWF SYSWAITTEMPMS,ACCESS
00003C	0E02	MOVLW 2
00003E	6E03	MOVWF SYSWAITTEMPMS_H,ACCESS
000040	D81A	RCALL DELAY_MS
		ENDIF3
000042	6B23	CLRF LASTIMG,BANKED
		ENDIF1
000044	A081	BTFSS PORTB,0,ACCESS
000046	D013	BRA ENDIF2
000048	0523	DECF LASTIMG,W,BANKED
00004A	B4D8	BTFSC STATUS, Z,ACCESS
00004C	D00E	BRA ENDIF4
00004E	DA4F	RCALL GLCDCLS_KS0108

000050	0E14	MOVLW 20
000052	6F1C	MOVWF GLCDXPOS,BANKED
000054	6B1E	CLRF GLCDYPOS,BANKED
000056	0ED2	MOVLW LOW(GLCDTABLE2)
000058	6F2B	MOVWF SELECTEDTABLE,BANKED
00005A	0E07	MOVLW HIGH(GLCDTABLE2)
00005C	6F2C	MOVWF SELECTEDTABLE_H,BANKED
00005E	D819	RCALL GLCDBMPLOAD

000060	0EEE	MOVLW 238
000062	6E02	MOVWF SYSWAITTEMPMS,ACCESS
000064	0E02	MOVLW 2
000066	6E03	MOVWF SYSWAITTEMPMS_H,ACCESS
000068	D806	RCALL DELAY_MS
		ENDIF4
00006A	0E01	MOVLW 1
00006C	6F23	MOVWF LASTIMG,BANKED
		ENDIF2
00006E	D7D6	BRA SYSDOLOOP_S1
		SYSDOLOOP_E1
000070	D000	BRA BASPROGRAMEND
		BASPROGRAMEND
000072	0003	SLEEP
000074	D7FE	BRA BASPROGRAMEND


		DELAY_MS
000076	2A03	INCF SYSWAITTEMPMS_H, F,ACCESS
		DMS_START
000078	0EE3	MOVLW 227
00007A	6E01	MOVWF DELAYTEMP2,ACCESS
		DMS_OUTER
00007C	0E06	MOVLW 6
00007E	6E00	MOVWF DELAYTEMP,ACCESS
		DMS_INNER
000080	2E00	DECFSZ DELAYTEMP, F,ACCESS
000082	D7FE	BRA DMS_INNER
000084	2E01	DECFSZ DELAYTEMP2, F,ACCESS
000086	D7FA	BRA DMS_OUTER
000088	2E02	DECFSZ SYSWAITTEMPMS, F,ACCESS
00008A	D7F6	BRA DMS_START
00008C	2E03	DECFSZ SYSWAITTEMPMS_H, F,ACCESS
00008E	D7F4	BRA DMS_START
000090	0012	RETURN


		GLCDBMPLOAD
000092	0E01	MOVLW 1
000094	6F31	MOVWF TABLEREADPOSITION,BANKED
000096	6B32	CLRF TABLEREADPOSITION_H,BANKED
		SYSSELECT1CASE1
000098	C02B F005	MOVFF SELECTEDTABLE,SYSWORDTEMPA
00009C	C02C F006	MOVFF SELECTEDTABLE_H,SYSWORDTEMPA_H
0000A0	0E96	MOVLW LOW(GLCDTABLE1)
0000A2	6E09	MOVWF SYSWORDTEMPB,ACCESS
0000A4	0E05	MOVLW HIGH(GLCDTABLE1)
0000A6	6E0A	MOVWF SYSWORDTEMPB_H,ACCESS
0000A8	EC57 F006	CALL SYSCOMPEQUAL16
0000AC	A000	BTFSS SYSBYTETEMPX,0,ACCESS
0000AE	D010	BRA SYSSELECT1CASE2
0000B0	C031 F007	MOVFF TABLEREADPOSITION,SYSSTRINGA
0000B4	C032 F008	MOVFF TABLEREADPOSITION_H,SYSSTRINGA_H
0000B8	DA6E	RCALL GLCDTABLE1
0000BA	6F27	MOVWF OBJWIDTH,BANKED
0000BC	2B31	INCF TABLEREADPOSITION,F,BANKED
0000BE	B4D8	BTFSC STATUS,Z,ACCESS
0000C0	2B32	INCF TABLEREADPOSITION_H,F,BANKED
0000C2	C031 F007	MOVFF TABLEREADPOSITION,SYSSTRINGA
0000C6	C032 F008	MOVFF TABLEREADPOSITION_H,SYSSTRINGA_H
0000CA	DA65	RCALL GLCDTABLE1
0000CC	6F26	MOVWF OBJHEIGHT,BANKED
0000CE	D069	BRA SYSSELECTEND1
		SYSSELECT1CASE2
0000D0	C02B F005	MOVFF SELECTEDTABLE,SYSWORDTEMPA
0000D4	C02C F006	MOVFF SELECTEDTABLE_H,SYSWORDTEMPA_H
0000D8	0ED2	MOVLW LOW(GLCDTABLE2)
0000DA	6E09	MOVWF SYSWORDTEMPB,ACCESS
0000DC	0E07	MOVLW HIGH(GLCDTABLE2)
0000DE	6E0A	MOVWF SYSWORDTEMPB_H,ACCESS
0000E0	EC57 F006	CALL SYSCOMPEQUAL16
0000E4	A000	BTFSS SYSBYTETEMPX,0,ACCESS
0000E6	D010	BRA SYSSELECT1CASE3
0000E8	C031 F007	MOVFF TABLEREADPOSITION,SYSSTRINGA
0000EC	C032 F008	MOVFF TABLEREADPOSITION_H,SYSSTRINGA_H
0000F0	DB70	RCALL GLCDTABLE2
0000F2	6F27	MOVWF OBJWIDTH,BANKED
0000F4	2B31	INCF TABLEREADPOSITION,F,BANKED
0000F6	B4D8	BTFSC STATUS,Z,ACCESS
0000F8	2B32	INCF TABLEREADPOSITION_H,F,BANKED
0000FA	C031 F007	MOVFF TABLEREADPOSITION,SYSSTRINGA
0000FE	C032 F008	MOVFF TABLEREADPOSITION_H,SYSSTRINGA_H
000102	DB67	RCALL GLCDTABLE2
000104	6F26	MOVWF OBJHEIGHT,BANKED
000106	D04D	BRA SYSSELECTEND1
		SYSSELECT1CASE3
000108	C02B F005	MOVFF SELECTEDTABLE,SYSWORDTEMPA
00010C	C02C F006	MOVFF SELECTEDTABLE_H,SYSWORDTEMPA_H
000110	0EB4	MOVLW LOW(GLCDTABLE3)
000112	6E09	MOVWF SYSWORDTEMPB,ACCESS
000114	0E0A	MOVLW HIGH(GLCDTABLE3)
000116	6E0A	MOVWF SYSWORDTEMPB_H,ACCESS
000118	EC57 F006	CALL SYSCOMPEQUAL16
00011C	A000	BTFSS SYSBYTETEMPX,0,ACCESS
00011E	D00E	BRA SYSSELECT1CASE4
000120	C031 F007	MOVFF TABLEREADPOSITION,SYSSTRINGA
000124	EC5A F005	CALL GLCDTABLE3
000128	6F27	MOVWF OBJWIDTH,BANKED
00012A	2B31	INCF TABLEREADPOSITION,F,BANKED
00012C	B4D8	BTFSC STATUS,Z,ACCESS
00012E	2B32	INCF TABLEREADPOSITION_H,F,BANKED
000130	C031 F007	MOVFF TABLEREADPOSITION,SYSSTRINGA
000134	EC5A F005	CALL GLCDTABLE3
000138	6F26	MOVWF OBJHEIGHT,BANKED
00013A	D033	BRA SYSSELECTEND1
		SYSSELECT1CASE4
00013C	C02B F005	MOVFF SELECTEDTABLE,SYSWORDTEMPA
000140	C02C F006	MOVFF SELECTEDTABLE_H,SYSWORDTEMPA_H
000144	0ED2	MOVLW LOW(GLCDTABLE4)
000146	6E09	MOVWF SYSWORDTEMPB,ACCESS
000148	0E0A	MOVLW HIGH(GLCDTABLE4)
00014A	6E0A	MOVWF SYSWORDTEMPB_H,ACCESS
00014C	EC57 F006	CALL SYSCOMPEQUAL16
000150	A000	BTFSS SYSBYTETEMPX,0,ACCESS
000152	D00E	BRA SYSSELECT1CASE5
000154	C031 F007	MOVFF TABLEREADPOSITION,SYSSTRINGA
000158	EC69 F005	CALL GLCDTABLE4
00015C	6F27	MOVWF OBJWIDTH,BANKED
00015E	2B31	INCF TABLEREADPOSITION,F,BANKED
000160	B4D8	BTFSC STATUS,Z,ACCESS
000162	2B32	INCF TABLEREADPOSITION_H,F,BANKED
000164	C031 F007	MOVFF TABLEREADPOSITION,SYSSTRINGA
000168	EC69 F005	CALL GLCDTABLE4
00016C	6F26	MOVWF OBJHEIGHT,BANKED
00016E	D019	BRA SYSSELECTEND1
		SYSSELECT1CASE5
000170	C02B F005	MOVFF SELECTEDTABLE,SYSWORDTEMPA
000174	C02C F006	MOVFF SELECTEDTABLE_H,SYSWORDTEMPA_H
000178	0EF0	MOVLW LOW(GLCDTABLE5)
00017A	6E09	MOVWF SYSWORDTEMPB,ACCESS
00017C	0E0A	MOVLW HIGH(GLCDTABLE5)
00017E	6E0A	MOVWF SYSWORDTEMPB_H,ACCESS
000180	EC57 F006	CALL SYSCOMPEQUAL16
000184	A000	BTFSS SYSBYTETEMPX,0,ACCESS
000186	D00D	BRA SYSSELECT1CASE6
000188	C031 F007	MOVFF TABLEREADPOSITION,SYSSTRINGA
00018C	EC78 F005	CALL GLCDTABLE5
000190	6F27	MOVWF OBJWIDTH,BANKED
000192	2B31	INCF TABLEREADPOSITION,F,BANKED
000194	B4D8	BTFSC STATUS,Z,ACCESS
000196	2B32	INCF TABLEREADPOSITION_H,F,BANKED
000198	C031 F007	MOVFF TABLEREADPOSITION,SYSSTRINGA
00019C	EC78 F005	CALL GLCDTABLE5
0001A0	6F26	MOVWF OBJHEIGHT,BANKED
		SYSSELECT1CASE6
		SYSSELECTEND1
0001A2	C01C F028	MOVFF GLCDXPOS,OLDGLCDXPOS
0001A6	0E03	MOVLW 3
0001A8	6F31	MOVWF TABLEREADPOSITION,BANKED
0001AA	6B32	CLRF TABLEREADPOSITION_H,BANKED
0001AC	C026 F005	MOVFF OBJHEIGHT,SYSBYTETEMPA
0001B0	0E08	MOVLW 8
0001B2	6E09	MOVWF SYSBYTETEMPB,ACCESS
0001B4	EC73 F006	CALL SYSDIVSUB
0001B8	C005 F034	MOVFF SYSBYTETEMPA,WHOLEYBYTES
0001BC	C01E F005	MOVFF GLCDYPOS,SYSBYTETEMPA
0001C0	0E08	MOVLW 8
0001C2	6E09	MOVWF SYSBYTETEMPB,ACCESS
0001C4	EC73 F006	CALL SYSDIVSUB
0001C8	C000 F02F	MOVFF SYSBYTETEMPX,SYSTEMP1
0001CC	C02F F005	MOVFF SYSTEMP1,SYSBYTETEMPA
0001D0	6A09	CLRF SYSBYTETEMPB,ACCESS
0001D2	EC52 F006	CALL SYSCOMPEQUAL
0001D6	C000 F029	MOVFF SYSBYTETEMPX,ONPAGEBOUNDARY
0001DA	5334	MOVF WHOLEYBYTES,F,BANKED
0001DC	B4D8	BTFSC STATUS, Z,ACCESS
0001DE	D0DC	BRA ENDIF5
0001E0	6922	SETF HCOUNT,BANKED
0001E2	0534	DECF WHOLEYBYTES,W,BANKED
0001E4	6F2F	MOVWF SYSTEMP1,BANKED
0001E6	6A09	CLRF SYSBYTETEMPB,ACCESS
0001E8	C02F F005	MOVFF SYSTEMP1,SYSBYTETEMPA
0001EC	EC60 F006	CALL SYSCOMPLESSTHAN
0001F0	B000	BTFSC SYSBYTETEMPX,0,ACCESS
0001F2	D0D2	BRA SYSFORLOOPEND1
		SYSFORLOOP1
0001F4	2B22	INCF HCOUNT,F,BANKED
0001F6	5122	MOVF HCOUNT,W,BANKED
0001F8	251E	ADDWF GLCDYPOS,W,BANKED
0001FA	6F1D	MOVWF GLCDY,BANKED
0001FC	6935	SETF WIDTHCOUNT,BANKED
0001FE	0527	DECF OBJWIDTH,W,BANKED
000200	6F2F	MOVWF SYSTEMP1,BANKED
000202	6A09	CLRF SYSBYTETEMPB,ACCESS
000204	C02F F005	MOVFF SYSTEMP1,SYSBYTETEMPA
000208	EC60 F006	CALL SYSCOMPLESSTHAN
00020C	B000	BTFSC SYSBYTETEMPX,0,ACCESS
00020E	D0B6	BRA SYSFORLOOPEND2
		SYSFORLOOP2
000210	2B35	INCF WIDTHCOUNT,F,BANKED
		SYSSELECT2CASE1
000212	C02B F005	MOVFF SELECTEDTABLE,SYSWORDTEMPA
000216	C02C F006	MOVFF SELECTEDTABLE_H,SYSWORDTEMPA_H
00021A	0E96	MOVLW LOW(GLCDTABLE1)
00021C	6E09	MOVWF SYSWORDTEMPB,ACCESS
00021E	0E05	MOVLW HIGH(GLCDTABLE1)
000220	6E0A	MOVWF SYSWORDTEMPB_H,ACCESS
000222	EC57 F006	CALL SYSCOMPEQUAL16
000226	A000	BTFSS SYSBYTETEMPX,0,ACCESS
000228	D007	BRA SYSSELECT2CASE2
00022A	C031 F007	MOVFF TABLEREADPOSITION,SYSSTRINGA
00022E	C032 F008	MOVFF TABLEREADPOSITION_H,SYSSTRINGA_H
000232	D9B1	RCALL GLCDTABLE1
000234	6F33	MOVWF WBYTE,BANKED
000236	D048	BRA SYSSELECTEND2
		SYSSELECT2CASE2
000238	C02B F005	MOVFF SELECTEDTABLE,SYSWORDTEMPA
00023C	C02C F006	MOVFF SELECTEDTABLE_H,SYSWORDTEMPA_H
000240	0ED2	MOVLW LOW(GLCDTABLE2)
000242	6E09	MOVWF SYSWORDTEMPB,ACCESS
000244	0E07	MOVLW HIGH(GLCDTABLE2)
000246	6E0A	MOVWF SYSWORDTEMPB_H,ACCESS
000248	EC57 F006	CALL SYSCOMPEQUAL16
00024C	A000	BTFSS SYSBYTETEMPX,0,ACCESS
00024E	D007	BRA SYSSELECT2CASE3
000250	C031 F007	MOVFF TABLEREADPOSITION,SYSSTRINGA
000254	C032 F008	MOVFF TABLEREADPOSITION_H,SYSSTRINGA_H
000258	DABC	RCALL GLCDTABLE2
00025A	6F33	MOVWF WBYTE,BANKED
00025C	D035	BRA SYSSELECTEND2
		SYSSELECT2CASE3
00025E	C02B F005	MOVFF SELECTEDTABLE,SYSWORDTEMPA
000262	C02C F006	MOVFF SELECTEDTABLE_H,SYSWORDTEMPA_H
000266	0EB4	MOVLW LOW(GLCDTABLE3)
000268	6E09	MOVWF SYSWORDTEMPB,ACCESS
00026A	0E0A	MOVLW HIGH(GLCDTABLE3)
00026C	6E0A	MOVWF SYSWORDTEMPB_H,ACCESS
00026E	EC57 F006	CALL SYSCOMPEQUAL16
000272	A000	BTFSS SYSBYTETEMPX,0,ACCESS
000274	D006	BRA SYSSELECT2CASE4
000276	C031 F007	MOVFF TABLEREADPOSITION,SYSSTRINGA
00027A	EC5A F005	CALL GLCDTABLE3
00027E	6F33	MOVWF WBYTE,BANKED
000280	D023	BRA SYSSELECTEND2
		SYSSELECT2CASE4
000282	C02B F005	MOVFF SELECTEDTABLE,SYSWORDTEMPA
000286	C02C F006	MOVFF SELECTEDTABLE_H,SYSWORDTEMPA_H
00028A	0ED2	MOVLW LOW(GLCDTABLE4)
00028C	6E09	MOVWF SYSWORDTEMPB,ACCESS
00028E	0E0A	MOVLW HIGH(GLCDTABLE4)
000290	6E0A	MOVWF SYSWORDTEMPB_H,ACCESS
000292	EC57 F006	CALL SYSCOMPEQUAL16
000296	A000	BTFSS SYSBYTETEMPX,0,ACCESS
000298	D006	BRA SYSSELECT2CASE5
00029A	C031 F007	MOVFF TABLEREADPOSITION,SYSSTRINGA
00029E	EC69 F005	CALL GLCDTABLE4
0002A2	6F33	MOVWF WBYTE,BANKED
0002A4	D011	BRA SYSSELECTEND2
		SYSSELECT2CASE5
0002A6	C02B F005	MOVFF SELECTEDTABLE,SYSWORDTEMPA
0002AA	C02C F006	MOVFF SELECTEDTABLE_H,SYSWORDTEMPA_H
0002AE	0EF0	MOVLW LOW(GLCDTABLE5)
0002B0	6E09	MOVWF SYSWORDTEMPB,ACCESS
0002B2	0E0A	MOVLW HIGH(GLCDTABLE5)
0002B4	6E0A	MOVWF SYSWORDTEMPB_H,ACCESS
0002B6	EC57 F006	CALL SYSCOMPEQUAL16
0002BA	A000	BTFSS SYSBYTETEMPX,0,ACCESS
0002BC	D005	BRA SYSSELECT2CASE6
0002BE	C031 F007	MOVFF TABLEREADPOSITION,SYSSTRINGA
0002C2	EC78 F005	CALL GLCDTABLE5
0002C6	6F33	MOVWF WBYTE,BANKED
		SYSSELECT2CASE6
		SYSSELECTEND2
0002C8	2B31	INCF TABLEREADPOSITION,F,BANKED
0002CA	B4D8	BTFSC STATUS,Z,ACCESS
0002CC	2B32	INCF TABLEREADPOSITION_H,F,BANKED
0002CE	512A	MOVF OPTMISEGLCDDRAW,W,BANKED
0002D0	5D33	SUBWF WBYTE,W,BANKED
0002D2	B4D8	BTFSC STATUS, Z,ACCESS
0002D4	D049	BRA ENDIF9
0002D6	2929	INCF ONPAGEBOUNDARY,W,BANKED
0002D8	A4D8	BTFSS STATUS, Z,ACCESS
0002DA	D024	BRA ELSE17_1
0002DC	5135	MOVF WIDTHCOUNT,W,BANKED
0002DE	251C	ADDWF GLCDXPOS,W,BANKED
0002E0	6F1B	MOVWF GLCDX,BANKED
0002E2	BD1B	BTFSC GLCDX,6,BANKED
0002E4	D002	BRA ENDIF18
0002E6	828B	BSF LATC,1,ACCESS
0002E8	908B	BCF LATC,0,ACCESS
		ENDIF18
0002EA	AD1B	BTFSS GLCDX,6,BANKED
0002EC	D004	BRA ENDIF19
0002EE	808B	BSF LATC,0,ACCESS
0002F0	0E40	MOVLW 64
0002F2	5F1B	SUBWF GLCDX,F,BANKED
0002F4	928B	BCF LATC,1,ACCESS
		ENDIF19
0002F6	C01D F005	MOVFF GLCDY,SYSBYTETEMPA
0002FA	0E08	MOVLW 8
0002FC	6E09	MOVWF SYSBYTETEMPB,ACCESS
0002FE	EC73 F006	CALL SYSDIVSUB
000302	C005 F00D	MOVFF SYSBYTETEMPA,CURRPAGE
000306	908D	BCF LATE,0,ACCESS
000308	0EB8	MOVLW 184
00030A	110D	IORWF CURRPAGE,W,BANKED
00030C	6F24	MOVWF LCDBYTE,BANKED
00030E	EC87 F005	CALL GLCDWRITEBYTE_KS0108

000312	0E40	MOVLW 64
000314	111B	IORWF GLCDX,W,BANKED
000316	6F24	MOVWF LCDBYTE,BANKED
000318	DBFA	RCALL GLCDWRITEBYTE_KS0108

00031A	808D	BSF LATE,0,ACCESS
00031C	C033 F024	MOVFF WBYTE,LCDBYTE
000320	DBF6	RCALL GLCDWRITEBYTE_KS0108

000322	D022	BRA ENDIF17
		ELSE17_1
000324	690B	SETF CURRCHARROW,BANKED
		SYSFORLOOP3
000326	2B0B	INCF CURRCHARROW,F,BANKED
000328	B133	BTFSC WBYTE,0,BANKED
00032A	D00D	BRA ELSE20_1
00032C	5135	MOVF WIDTHCOUNT,W,BANKED
00032E	251C	ADDWF GLCDXPOS,W,BANKED
000330	6F1B	MOVWF GLCDX,BANKED
000332	511E	MOVF GLCDYPOS,W,BANKED
000334	250B	ADDWF CURRCHARROW,W,BANKED
000336	6F1D	MOVWF GLCDY,BANKED
000338	C00E F012	MOVFF GLCDBACKGROUND,GLCDCOLOUR
00033C	C00F F013	MOVFF GLCDBACKGROUND_H,GLCDCOLOUR_H
000340	EC06 F006	CALL PSET_KS0108

000344	D00C	BRA ENDIF20
		ELSE20_1
000346	5135	MOVF WIDTHCOUNT,W,BANKED
000348	251C	ADDWF GLCDXPOS,W,BANKED
00034A	6F1B	MOVWF GLCDX,BANKED
00034C	511E	MOVF GLCDYPOS,W,BANKED
00034E	250B	ADDWF CURRCHARROW,W,BANKED
000350	6F1D	MOVWF GLCDY,BANKED
000352	C018 F012	MOVFF GLCDFOREGROUND,GLCDCOLOUR
000356	C019 F013	MOVFF GLCDFOREGROUND_H,GLCDCOLOUR_H
00035A	EC06 F006	CALL PSET_KS0108

		ENDIF20
00035E	3333	RRCF WBYTE,F,BANKED
000360	0E07	MOVLW 7
000362	5D0B	SUBWF CURRCHARROW,W,BANKED
000364	A0D8	BTFSS STATUS, C,ACCESS
000366	D7DF	BRA SYSFORLOOP3
		SYSFORLOOPEND3
		ENDIF17
		ENDIF9
000368	0527	DECF OBJWIDTH,W,BANKED
00036A	6F2F	MOVWF SYSTEMP1,BANKED
00036C	C035 F005	MOVFF WIDTHCOUNT,SYSBYTETEMPA
000370	C02F F009	MOVFF SYSTEMP1,SYSBYTETEMPB
000374	EC60 F006	CALL SYSCOMPLESSTHAN
000378	B000	BTFSC SYSBYTETEMPX,0,ACCESS
00037A	D74A	BRA SYSFORLOOP2
		SYSFORLOOPEND2
00037C	C028 F01C	MOVFF OLDGLCDXPOS,GLCDXPOS
000380	0E08	MOVLW 8
000382	271E	ADDWF GLCDYPOS,F,BANKED
000384	0534	DECF WHOLEYBYTES,W,BANKED
000386	6F2F	MOVWF SYSTEMP1,BANKED
000388	C022 F005	MOVFF HCOUNT,SYSBYTETEMPA
00038C	C02F F009	MOVFF SYSTEMP1,SYSBYTETEMPB
000390	EC60 F006	CALL SYSCOMPLESSTHAN
000394	B000	BTFSC SYSBYTETEMPX,0,ACCESS
000396	D72E	BRA SYSFORLOOP1
		SYSFORLOOPEND1
		ENDIF5
000398	C026 F005	MOVFF OBJHEIGHT,SYSBYTETEMPA
00039C	0E08	MOVLW 8
00039E	6E09	MOVWF SYSBYTETEMPB,ACCESS
0003A0	EC73 F006	CALL SYSDIVSUB
0003A4	C000 F025	MOVFF SYSBYTETEMPX,MAXHEIGHT
0003A8	5325	MOVF MAXHEIGHT,F,BANKED
0003AA	B4D8	BTFSC STATUS, Z,ACCESS
0003AC	D09D	BRA ENDIF6
0003AE	6935	SETF WIDTHCOUNT,BANKED
0003B0	0527	DECF OBJWIDTH,W,BANKED
0003B2	6F2F	MOVWF SYSTEMP1,BANKED
0003B4	6A09	CLRF SYSBYTETEMPB,ACCESS
0003B6	C02F F005	MOVFF SYSTEMP1,SYSBYTETEMPA
0003BA	EC60 F006	CALL SYSCOMPLESSTHAN
0003BE	B000	BTFSC SYSBYTETEMPX,0,ACCESS
0003C0	D093	BRA SYSFORLOOPEND4
		SYSFORLOOP4
0003C2	2B35	INCF WIDTHCOUNT,F,BANKED
		SYSSELECT3CASE1
0003C4	C02B F005	MOVFF SELECTEDTABLE,SYSWORDTEMPA
0003C8	C02C F006	MOVFF SELECTEDTABLE_H,SYSWORDTEMPA_H
0003CC	0E96	MOVLW LOW(GLCDTABLE1)
0003CE	6E09	MOVWF SYSWORDTEMPB,ACCESS
0003D0	0E05	MOVLW HIGH(GLCDTABLE1)
0003D2	6E0A	MOVWF SYSWORDTEMPB_H,ACCESS
0003D4	EC57 F006	CALL SYSCOMPEQUAL16
0003D8	A000	BTFSS SYSBYTETEMPX,0,ACCESS
0003DA	D007	BRA SYSSELECT3CASE2
0003DC	C031 F007	MOVFF TABLEREADPOSITION,SYSSTRINGA
0003E0	C032 F008	MOVFF TABLEREADPOSITION_H,SYSSTRINGA_H
0003E4	D8D8	RCALL GLCDTABLE1
0003E6	6F33	MOVWF WBYTE,BANKED
0003E8	D045	BRA SYSSELECTEND3
		SYSSELECT3CASE2
0003EA	C02B F005	MOVFF SELECTEDTABLE,SYSWORDTEMPA
0003EE	C02C F006	MOVFF SELECTEDTABLE_H,SYSWORDTEMPA_H
0003F2	0ED2	MOVLW LOW(GLCDTABLE2)
0003F4	6E09	MOVWF SYSWORDTEMPB,ACCESS
0003F6	0E07	MOVLW HIGH(GLCDTABLE2)
0003F8	6E0A	MOVWF SYSWORDTEMPB_H,ACCESS
0003FA	EC57 F006	CALL SYSCOMPEQUAL16
0003FE	A000	BTFSS SYSBYTETEMPX,0,ACCESS
000400	D007	BRA SYSSELECT3CASE3
000402	C031 F007	MOVFF TABLEREADPOSITION,SYSSTRINGA
000406	C032 F008	MOVFF TABLEREADPOSITION_H,SYSSTRINGA_H
00040A	D9E3	RCALL GLCDTABLE2
00040C	6F33	MOVWF WBYTE,BANKED
00040E	D032	BRA SYSSELECTEND3
		SYSSELECT3CASE3
000410	C02B F005	MOVFF SELECTEDTABLE,SYSWORDTEMPA
000414	C02C F006	MOVFF SELECTEDTABLE_H,SYSWORDTEMPA_H
000418	0EB4	MOVLW LOW(GLCDTABLE3)
00041A	6E09	MOVWF SYSWORDTEMPB,ACCESS
00041C	0E0A	MOVLW HIGH(GLCDTABLE3)
00041E	6E0A	MOVWF SYSWORDTEMPB_H,ACCESS
000420	EC57 F006	CALL SYSCOMPEQUAL16
000424	A000	BTFSS SYSBYTETEMPX,0,ACCESS
000426	D005	BRA SYSSELECT3CASE4
000428	C031 F007	MOVFF TABLEREADPOSITION,SYSSTRINGA
00042C	DB43	RCALL GLCDTABLE3
00042E	6F33	MOVWF WBYTE,BANKED
000430	D021	BRA SYSSELECTEND3
		SYSSELECT3CASE4
000432	C02B F005	MOVFF SELECTEDTABLE,SYSWORDTEMPA
000436	C02C F006	MOVFF SELECTEDTABLE_H,SYSWORDTEMPA_H
00043A	0ED2	MOVLW LOW(GLCDTABLE4)
00043C	6E09	MOVWF SYSWORDTEMPB,ACCESS
00043E	0E0A	MOVLW HIGH(GLCDTABLE4)
000440	6E0A	MOVWF SYSWORDTEMPB_H,ACCESS
000442	EC57 F006	CALL SYSCOMPEQUAL16
000446	A000	BTFSS SYSBYTETEMPX,0,ACCESS
000448	D005	BRA SYSSELECT3CASE5
00044A	C031 F007	MOVFF TABLEREADPOSITION,SYSSTRINGA
00044E	DB41	RCALL GLCDTABLE4
000450	6F33	MOVWF WBYTE,BANKED
000452	D010	BRA SYSSELECTEND3
		SYSSELECT3CASE5
000454	C02B F005	MOVFF SELECTEDTABLE,SYSWORDTEMPA
000458	C02C F006	MOVFF SELECTEDTABLE_H,SYSWORDTEMPA_H
00045C	0EF0	MOVLW LOW(GLCDTABLE5)
00045E	6E09	MOVWF SYSWORDTEMPB,ACCESS
000460	0E0A	MOVLW HIGH(GLCDTABLE5)
000462	6E0A	MOVWF SYSWORDTEMPB_H,ACCESS
000464	EC57 F006	CALL SYSCOMPEQUAL16
000468	A000	BTFSS SYSBYTETEMPX,0,ACCESS
00046A	D004	BRA SYSSELECT3CASE6
00046C	C031 F007	MOVFF TABLEREADPOSITION,SYSSTRINGA
000470	DB3F	RCALL GLCDTABLE5
000472	6F33	MOVWF WBYTE,BANKED
		SYSSELECT3CASE6
		SYSSELECTEND3
000474	2B31	INCF TABLEREADPOSITION,F,BANKED
000476	B4D8	BTFSC STATUS,Z,ACCESS
000478	2B32	INCF TABLEREADPOSITION_H,F,BANKED
00047A	690B	SETF CURRCHARROW,BANKED
00047C	0525	DECF MAXHEIGHT,W,BANKED
00047E	6F2F	MOVWF SYSTEMP1,BANKED
000480	6A09	CLRF SYSBYTETEMPB,ACCESS
000482	C02F F005	MOVFF SYSTEMP1,SYSBYTETEMPA
000486	EC60 F006	CALL SYSCOMPLESSTHAN
00048A	B000	BTFSC SYSBYTETEMPX,0,ACCESS
00048C	D024	BRA SYSFORLOOPEND5
		SYSFORLOOP5
00048E	2B0B	INCF CURRCHARROW,F,BANKED
000490	B133	BTFSC WBYTE,0,BANKED
000492	D00C	BRA ELSE14_1
000494	5135	MOVF WIDTHCOUNT,W,BANKED
000496	251C	ADDWF GLCDXPOS,W,BANKED
000498	6F1B	MOVWF GLCDX,BANKED
00049A	511E	MOVF GLCDYPOS,W,BANKED
00049C	250B	ADDWF CURRCHARROW,W,BANKED
00049E	6F1D	MOVWF GLCDY,BANKED
0004A0	C00E F012	MOVFF GLCDBACKGROUND,GLCDCOLOUR
0004A4	C00F F013	MOVFF GLCDBACKGROUND_H,GLCDCOLOUR_H
0004A8	DBB1	RCALL PSET_KS0108

0004AA	D00B	BRA ENDIF14
		ELSE14_1
0004AC	5135	MOVF WIDTHCOUNT,W,BANKED
0004AE	251C	ADDWF GLCDXPOS,W,BANKED
0004B0	6F1B	MOVWF GLCDX,BANKED
0004B2	511E	MOVF GLCDYPOS,W,BANKED
0004B4	250B	ADDWF CURRCHARROW,W,BANKED
0004B6	6F1D	MOVWF GLCDY,BANKED
0004B8	C018 F012	MOVFF GLCDFOREGROUND,GLCDCOLOUR
0004BC	C019 F013	MOVFF GLCDFOREGROUND_H,GLCDCOLOUR_H
0004C0	DBA5	RCALL PSET_KS0108

		ENDIF14
0004C2	3333	RRCF WBYTE,F,BANKED
0004C4	0525	DECF MAXHEIGHT,W,BANKED
0004C6	6F2F	MOVWF SYSTEMP1,BANKED
0004C8	C00B F005	MOVFF CURRCHARROW,SYSBYTETEMPA
0004CC	C02F F009	MOVFF SYSTEMP1,SYSBYTETEMPB
0004D0	DBF7	RCALL SYSCOMPLESSTHAN
0004D2	B000	BTFSC SYSBYTETEMPX,0,ACCESS
0004D4	D7DC	BRA SYSFORLOOP5
		SYSFORLOOPEND5
0004D6	0527	DECF OBJWIDTH,W,BANKED
0004D8	6F2F	MOVWF SYSTEMP1,BANKED
0004DA	C035 F005	MOVFF WIDTHCOUNT,SYSBYTETEMPA
0004DE	C02F F009	MOVFF SYSTEMP1,SYSBYTETEMPB
0004E2	DBEE	RCALL SYSCOMPLESSTHAN
0004E4	B000	BTFSC SYSBYTETEMPX,0,ACCESS
0004E6	D76D	BRA SYSFORLOOP4
		SYSFORLOOPEND4
		ENDIF6
0004E8	908B	BCF LATC,0,ACCESS
0004EA	928B	BCF LATC,1,ACCESS
0004EC	0012	RETURN


		GLCDCLS_KS0108
0004EE	6B20	CLRF GLCD_YORDINATE,BANKED
0004F0	6B21	CLRF GLCD_YORDINATE_H,BANKED
0004F2	808B	BSF LATC,0,ACCESS
0004F4	928B	BCF LATC,1,ACCESS
0004F6	6B1F	CLRF GLCD_COUNT,BANKED
		SYSFORLOOP6
0004F8	2B1F	INCF GLCD_COUNT,F,BANKED
0004FA	690D	SETF CURRPAGE,BANKED
		SYSFORLOOP7
0004FC	2B0D	INCF CURRPAGE,F,BANKED
0004FE	908D	BCF LATE,0,ACCESS
000500	0EB8	MOVLW 184
000502	110D	IORWF CURRPAGE,W,BANKED
000504	6F24	MOVWF LCDBYTE,BANKED
000506	DB03	RCALL GLCDWRITEBYTE_KS0108

000508	690C	SETF CURRCOL,BANKED
		SYSFORLOOP8
00050A	2B0C	INCF CURRCOL,F,BANKED
00050C	908D	BCF LATE,0,ACCESS
00050E	0E40	MOVLW 64
000510	110C	IORWF CURRCOL,W,BANKED
000512	6F24	MOVWF LCDBYTE,BANKED
000514	DAFC	RCALL GLCDWRITEBYTE_KS0108

000516	808D	BSF LATE,0,ACCESS
000518	6B24	CLRF LCDBYTE,BANKED
00051A	DAF9	RCALL GLCDWRITEBYTE_KS0108

00051C	0E3F	MOVLW 63
00051E	5D0C	SUBWF CURRCOL,W,BANKED
000520	A0D8	BTFSS STATUS, C,ACCESS
000522	D7F3	BRA SYSFORLOOP8
		SYSFORLOOPEND8
000524	0E07	MOVLW 7
000526	5D0D	SUBWF CURRPAGE,W,BANKED
000528	A0D8	BTFSS STATUS, C,ACCESS
00052A	D7E8	BRA SYSFORLOOP7
		SYSFORLOOPEND7
00052C	908B	BCF LATC,0,ACCESS
00052E	828B	BSF LATC,1,ACCESS
000530	0E02	MOVLW 2
000532	5D1F	SUBWF GLCD_COUNT,W,BANKED
000534	A0D8	BTFSS STATUS, C,ACCESS
000536	D7E0	BRA SYSFORLOOP6
		SYSFORLOOPEND6
000538	908B	BCF LATC,0,ACCESS
00053A	928B	BCF LATC,1,ACCESS
00053C	0012	RETURN


		FN_GLCDREADBYTE_KS0108
00053E	8E95	BSF TRISD,7,ACCESS
000540	8C95	BSF TRISD,6,ACCESS
000542	8A95	BSF TRISD,5,ACCESS
000544	8895	BSF TRISD,4,ACCESS
000546	8695	BSF TRISD,3,ACCESS
000548	8495	BSF TRISD,2,ACCESS
00054A	8295	BSF TRISD,1,ACCESS
00054C	8095	BSF TRISD,0,ACCESS
00054E	828D	BSF LATE,1,ACCESS
000550	848D	BSF LATE,2,ACCESS
000552	0E0F	MOVLW 15
000554	6E00	MOVWF DELAYTEMP,ACCESS
		DELAYUS4
000556	2E00	DECFSZ DELAYTEMP,F,ACCESS
000558	D7FE	BRA DELAYUS4
00055A	9F1A	BCF GLCDREADBYTE_KS0108,7,BANKED
00055C	BE83	BTFSC PORTD,7,ACCESS
00055E	8F1A	BSF GLCDREADBYTE_KS0108,7,BANKED
000560	9D1A	BCF GLCDREADBYTE_KS0108,6,BANKED
000562	BC83	BTFSC PORTD,6,ACCESS
000564	8D1A	BSF GLCDREADBYTE_KS0108,6,BANKED
000566	9B1A	BCF GLCDREADBYTE_KS0108,5,BANKED
000568	BA83	BTFSC PORTD,5,ACCESS
00056A	8B1A	BSF GLCDREADBYTE_KS0108,5,BANKED
00056C	991A	BCF GLCDREADBYTE_KS0108,4,BANKED
00056E	B883	BTFSC PORTD,4,ACCESS
000570	891A	BSF GLCDREADBYTE_KS0108,4,BANKED
000572	971A	BCF GLCDREADBYTE_KS0108,3,BANKED
000574	B683	BTFSC PORTD,3,ACCESS
000576	871A	BSF GLCDREADBYTE_KS0108,3,BANKED
000578	951A	BCF GLCDREADBYTE_KS0108,2,BANKED
00057A	B483	BTFSC PORTD,2,ACCESS
00057C	851A	BSF GLCDREADBYTE_KS0108,2,BANKED
00057E	931A	BCF GLCDREADBYTE_KS0108,1,BANKED
000580	B283	BTFSC PORTD,1,ACCESS
000582	831A	BSF GLCDREADBYTE_KS0108,1,BANKED
000584	911A	BCF GLCDREADBYTE_KS0108,0,BANKED
000586	B083	BTFSC PORTD,0,ACCESS
000588	811A	BSF GLCDREADBYTE_KS0108,0,BANKED
00058A	948D	BCF LATE,2,ACCESS
00058C	0E0F	MOVLW 15
00058E	6E00	MOVWF DELAYTEMP,ACCESS
		DELAYUS5
000590	2E00	DECFSZ DELAYTEMP,F,ACCESS
000592	D7FE	BRA DELAYUS5
000594	0012	RETURN


		GLCDTABLE1
000596	C007 F005	MOVFF SYSSTRINGA,SYSWORDTEMPA
00059A	C008 F006	MOVFF SYSSTRINGA_H,SYSWORDTEMPA_H
00059E	0EE3	MOVLW 227
0005A0	6E09	MOVWF SYSWORDTEMPB,ACCESS
0005A2	0E01	MOVLW 1
0005A4	6E0A	MOVWF SYSWORDTEMPB_H,ACCESS
0005A6	DB91	RCALL SYSCOMPLESSTHAN16
0005A8	A000	BTFSS SYSBYTETEMPX,0,ACCESS
0005AA	0C00	RETLW 0
0005AC	5007	MOVF SYSSTRINGA, W,ACCESS
0005AE	0FC2	ADDLW LOW TABLEGLCDTABLE1
0005B0	6EF6	MOVWF TBLPTRL,ACCESS
0005B2	0E05	MOVLW HIGH TABLEGLCDTABLE1
0005B4	B0D8	BTFSC STATUS, C,ACCESS
0005B6	0F01	ADDLW 1
0005B8	2408	ADDWF SYSSTRINGA_H, W,ACCESS
0005BA	6EF7	MOVWF TBLPTRH,ACCESS
0005BC	0008	TBLRD*
0005BE	50F5	MOVF TABLAT, W,ACCESS
0005C0	0012	RETURN
		TABLEGLCDTABLE1
0005C2	3CE2 0040 0000 0000 0000 0000 0000 0000 0000 0000 0000 0000 0000 0000 0000 0000 0000 0000 0000	RAW 3CE2,0040,0000,0000,0000,0000,0000,0000,0000,0000,0000,0000,0000,0000,0000,0000,0000,0000,0000
0005E8	E080 C000 0000 0000 0000 0000 0000 0000 0000 0000 0000 0000 4000 B0C0 C060 0080	RAW E080,C000,0000,0000,0000,0000,0000,0000,0000,0000,0000,0000,4000,B0C0,C060,0080
000608	0000 0000 0000 0000 0000 0000 0000 0000 0000 0000 0000 0000 C000 DE70 1C73 0107 0000 0000	RAW 0000,0000,0000,0000,0000,0000,0000,0000,0000,0000,0000,0000,C000,DE70,1C73,0107,0000,0000
00062C	0000 0000 0000 0000 0000 0000 0000 0000 0000 0100 0301 0D06 3E1B 18EC 1010 1810 0818	RAW 0000,0000,0000,0000,0000,0000,0000,0000,0000,0100,0301,0D06,3E1B,18EC,1010,1810,0818
00064E	0C08 0C0C 0404 0604 0206 0202 0303 0101 0F03 701C 80E0 0000 0000 0000 0000 0000 0000	RAW 0C08,0C0C,0404,0604,0206,0202,0303,0101,0F03,701C,80E0,0000,0000,0000,0000,0000,0000
000670	0000 0000 0000 0000 0000 0000 0000 0000 0000 00FF 0000 0000 0000 0000 0000 0000 0000 0000 0000 0000	RAW 0000,0000,0000,0000,0000,0000,0000,0000,0000,00FF,0000,0000,0000,0000,0000,0000,0000,0000,0000,0000
000698	0000 0000 0000 0100 0E07 7038 80C0 0000 0000 0000 0000 0000 0000 0000 0000 0000 0000 0000	RAW 0000,0000,0000,0100,0E07,7038,80C0,0000,0000,0000,0000,0000,0000,0000,0000,0000,0000,0000
0006BC	0000 00FF 0000 0000 0000 0000 0000 0000 0000 0000 0000 0000 0000 0000 0000 0000 0000 8000 63C0	RAW 0000,00FF,0000,0000,0000,0000,0000,0000,0000,0000,0000,0000,0000,0000,0000,0000,0000,8000,63C0
0006E2	1C36 0000 0000 0000 0000 0000 0000 0000 0000 0000 0000 0000 0C07 1808 3010 2030 4060	RAW 1C36,0000,0000,0000,0000,0000,0000,0000,0000,0000,0000,0000,0C07,1808,3010,2030,4060
000704	C0C0 8080 0000 0000 0000 0000 0000 0000 C080 3870 0E1C 0103 0000 0000 0000 0000	RAW C0C0,8080,0000,0000,0000,0000,0000,0000,C080,3870,0E1C,0103,0000,0000,0000,0000
000724	0000 0000 0000 0000 0000 0000 0000 0000 20C0 00C0 0000 0000 0000 0000 0000 0100 0301 0203 0406	RAW 0000,0000,0000,0000,0000,0000,0000,0000,20C0,00C0,0000,0000,0000,0000,0000,0100,0301,0203,0406
00074A	EC0C 0C08 0306 0001 2000 0000 0000 0000 0000 0000 0000 0000 0000 0000 0000 0000 0000 C000	RAW EC0C,0C08,0306,0001,2000,0000,0000,0000,0000,0000,0000,0000,0000,0000,0000,0000,0000,C000
00076E	1638 1011 1611 C038 FF00 0102 0101 00FE 7E00 8181 8181 007E FF00	RAW 1638,1011,1611,C038,FF00,0102,0101,00FE,7E00,8181,8181,007E,FF00
000788	8142 8181 007E FF00 0000 807F 8080 FF40 0000 02FF 0101 FE01 0102 0101	RAW 8142,8181,007E,FF00,0000,807F,8080,FF40,0000,02FF,0101,FE01,0102,0101
0007A4	00FE	RAW 00FE


		GLCDTABLE1_H
0007A6	C007 F005	MOVFF SYSSTRINGA,SYSWORDTEMPA
0007AA	C008 F006	MOVFF SYSSTRINGA_H,SYSWORDTEMPA_H
0007AE	0E01	MOVLW 1
0007B0	6E09	MOVWF SYSWORDTEMPB,ACCESS
0007B2	6A0A	CLRF SYSWORDTEMPB_H,ACCESS
0007B4	DA8A	RCALL SYSCOMPLESSTHAN16
0007B6	A000	BTFSS SYSBYTETEMPX,0,ACCESS
0007B8	0C00	RETLW 0
0007BA	5007	MOVF SYSSTRINGA, W,ACCESS
0007BC	0FD0	ADDLW LOW TABLEGLCDTABLE1_H
0007BE	6EF6	MOVWF TBLPTRL,ACCESS
0007C0	0E07	MOVLW HIGH TABLEGLCDTABLE1_H
0007C2	B0D8	BTFSC STATUS, C,ACCESS
0007C4	0F01	ADDLW 1
0007C6	2408	ADDWF SYSSTRINGA_H, W,ACCESS
0007C8	6EF7	MOVWF TBLPTRH,ACCESS
0007CA	0008	TBLRD*
0007CC	50F5	MOVF TABLAT, W,ACCESS
0007CE	0012	RETURN
		TABLEGLCDTABLE1_H
0007D0	0001	RAW 0001


		GLCDTABLE2
0007D2	C007 F005	MOVFF SYSSTRINGA,SYSWORDTEMPA
0007D6	C008 F006	MOVFF SYSSTRINGA_H,SYSWORDTEMPA_H
0007DA	0E89	MOVLW 137
0007DC	6E09	MOVWF SYSWORDTEMPB,ACCESS
0007DE	0E02	MOVLW 2
0007E0	6E0A	MOVWF SYSWORDTEMPB_H,ACCESS
0007E2	DA73	RCALL SYSCOMPLESSTHAN16
0007E4	A000	BTFSS SYSBYTETEMPX,0,ACCESS
0007E6	0C00	RETLW 0
0007E8	5007	MOVF SYSSTRINGA, W,ACCESS
0007EA	0FFE	ADDLW LOW TABLEGLCDTABLE2
0007EC	6EF6	MOVWF TBLPTRL,ACCESS
0007EE	0E07	MOVLW HIGH TABLEGLCDTABLE2
0007F0	B0D8	BTFSC STATUS, C,ACCESS
0007F2	0F01	ADDLW 1
0007F4	2408	ADDWF SYSSTRINGA_H, W,ACCESS
0007F6	6EF7	MOVWF TBLPTRH,ACCESS
0007F8	0008	TBLRD*
0007FA	50F5	MOVF TABLAT, W,ACCESS
0007FC	0012	RETURN
		TABLEGLCDTABLE2
0007FE	54A2 003F 0000 0000 0000 0000 0000 0000 0000 0000 0000 0000 0000 0000 0000 0000 0000 0000 0000	RAW 54A2,003F,0000,0000,0000,0000,0000,0000,0000,0000,0000,0000,0000,0000,0000,0000,0000,0000,0000
000824	0000 0000 0000 0000 0000 0000 0000 0000 0000 0000 0000 0000 0000 0000 0000 6020 80C0 C080	RAW 0000,0000,0000,0000,0000,0000,0000,0000,0000,0000,0000,0000,0000,0000,0000,6020,80C0,C080
000848	E0E0 F0E0 DEB8 80C0 0000 0000 0000 0000 0000 0000 8000 E0C0 F8F0	RAW E0E0,F0E0,DEB8,80C0,0000,0000,0000,0000,0000,0000,8000,E0C0,F8F0
000862	F8F8 F8F8 F8F8 F0F0 F0F0 E0F0 E0E0 E0E0 E0E0 E0E0	RAW F8F8,F8F8,F8F8,F0F0,F0F0,E0F0,E0E0,E0E0,E0E0,E0E0
000876	E0E0 E0E0 E0E0 E0E0 F0E0 F0F0 F0F0 F8F8 F8F8 FCFC	RAW E0E0,E0E0,E0E0,E0E0,F0E0,F0F0,F0F0,F8F8,F8F8,FCFC
00088A	FCFC FCFC FCFC FEFE FEFE FEFE FEFE FFFF FFFF FFFF	RAW FCFC,FCFC,FCFC,FEFE,FEFE,FEFE,FEFE,FFFF,FFFF,FFFF
00089E	FFFF FFFF F1FF 80C0 0000 0000 0000 0000 F800 FFFE FFFF FFFF	RAW FFFF,FFFF,F1FF,80C0,0000,0000,0000,0000,F800,FFFE,FFFF,FFFF
0008B6	FFFF FFFF FFFF FFFF FFFF FFFF FFFF FFFF FFFF FFFF	RAW FFFF,FFFF,FFFF,FFFF,FFFF,FFFF,FFFF,FFFF,FFFF,FFFF
0008CA	FFFF FFFF FFFF FFFF FFFF FFFF FFFF FFFF FFFF FFFF	RAW FFFF,FFFF,FFFF,FFFF,FFFF,FFFF,FFFF,FFFF,FFFF,FFFF
0008DE	FFFF FFFF FFFF FFFF FFFF FFFF FFFF FFFF FFFF FFFF	RAW FFFF,FFFF,FFFF,FFFF,FFFF,FFFF,FFFF,FFFF,FFFF,FFFF
0008F2	FFFF 7FFF 3F3F 3F3F 0C1E 0000 0000 0000 FFE0 3F07 FFFF FFFF FFFF	RAW FFFF,7FFF,3F3F,3F3F,0C1E,0000,0000,0000,FFE0,3F07,FFFF,FFFF,FFFF
00090C	FFFF FFFF FFFF FFFF FFFF FFFF FFFF FFFF FFFF FFFF	RAW FFFF,FFFF,FFFF,FFFF,FFFF,FFFF,FFFF,FFFF,FFFF,FFFF
000920	FFFF FFFF FFFF FFFF FFFF FFFF FFFF FFFF FFFF FFFF	RAW FFFF,FFFF,FFFF,FFFF,FFFF,FFFF,FFFF,FFFF,FFFF,FFFF
000934	FFFF FFFF FFFF FFFF FFFF 3FFF 3F3F 0019 0000 0000 0000 0000 0000 0000	RAW FFFF,FFFF,FFFF,FFFF,FFFF,3FFF,3F3F,0019,0000,0000,0000,0000,0000,0000
000950	0000 0000 FC80 FFFF 0000 0F01 FFFF FFFF FFFF FFFF FFFF FFFF	RAW 0000,0000,FC80,FFFF,0000,0F01,FFFF,FFFF,FFFF,FFFF,FFFF,FFFF
000968	FFFF FF7F FFFF FFFF FFFF FFFF FFFF FFFF FFFF FFFF	RAW FFFF,FF7F,FFFF,FFFF,FFFF,FFFF,FFFF,FFFF,FFFF,FFFF
00097C	7F7F FF7F FFFF FFFF FFFF FFFF FFFF 7FFF 1F3F 070F 0103	RAW 7F7F,FF7F,FFFF,FFFF,FFFF,FFFF,FFFF,7FFF,1F3F,070F,0103
000992	0000 0000 0000 0000 0000 0000 0000 0000 0000 0000 8000 FFFF 1FFF 0000 FCF0 FFFF	RAW 0000,0000,0000,0000,0000,0000,0000,0000,0000,0000,8000,FFFF,1FFF,0000,FCF0,FFFF
0009B2	FFFF FFFF 0FFF 0F1F 0F07 0001 0000 0100 0101 0101 0101 0101 0101 0001 0000 0000 FF00	RAW FFFF,FFFF,0FFF,0F1F,0F07,0001,0000,0100,0101,0101,0101,0101,0101,0001,0000,0000,FF00
0009D4	3FFF 030F 2F00 FFFF 7FFF 0001 0000 0000 0000 0000 0000 0000 0000 0000 0000 0000 0000	RAW 3FFF,030F,2F00,FFFF,7FFF,0001,0000,0000,0000,0000,0000,0000,0000,0000,0000,0000,0000
0009F6	0000 0000 0000 0303 0001 0000 FF00 FFFF 0107 1F07 FFFF C0F0 0080 0000 0000 0000	RAW 0000,0000,0000,0303,0001,0000,FF00,FFFF,0107,1F07,FFFF,C0F0,0080,0000,0000,0000
000A16	0000 0000 0000 0000 0000 0000 0000 1400 1F1F 101F 0000 0000 FFFF C0FF 0080 0000	RAW 0000,0000,0000,0000,0000,0000,0000,1400,1F1F,101F,0000,0000,FFFF,C0FF,0080,0000
000A36	0000 0000 0000 0000 0000 0000 0000 0000 0000 0000 0000 0000 0000 0000 0000 0000 3F0C 7F7F	RAW 0000,0000,0000,0000,0000,0000,0000,0000,0000,0000,0000,0000,0000,0000,0000,0000,3F0C,7F7F
000A5A	0078 0000 0303 0307 0003 0000 0000 0000 0000 0000 0000 0000 0000 0000 0000 0000 0000 0000 0000 0000	RAW 0078,0000,0303,0307,0003,0000,0000,0000,0000,0000,0000,0000,0000,0000,0000,0000,0000,0000,0000,0000
000A82	0100 0101 0001	RAW 0100,0101,0001


		GLCDTABLE2_H
000A88	C007 F005	MOVFF SYSSTRINGA,SYSWORDTEMPA
000A8C	C008 F006	MOVFF SYSSTRINGA_H,SYSWORDTEMPA_H
000A90	0E01	MOVLW 1
000A92	6E09	MOVWF SYSWORDTEMPB,ACCESS
000A94	6A0A	CLRF SYSWORDTEMPB_H,ACCESS
000A96	D919	RCALL SYSCOMPLESSTHAN16
000A98	A000	BTFSS SYSBYTETEMPX,0,ACCESS
000A9A	0C00	RETLW 0
000A9C	5007	MOVF SYSSTRINGA, W,ACCESS
000A9E	0FB2	ADDLW LOW TABLEGLCDTABLE2_H
000AA0	6EF6	MOVWF TBLPTRL,ACCESS
000AA2	0E0A	MOVLW HIGH TABLEGLCDTABLE2_H
000AA4	B0D8	BTFSC STATUS, C,ACCESS
000AA6	0F01	ADDLW 1
000AA8	2408	ADDWF SYSSTRINGA_H, W,ACCESS
000AAA	6EF7	MOVWF TBLPTRH,ACCESS
000AAC	0008	TBLRD*
000AAE	50F5	MOVF TABLAT, W,ACCESS
000AB0	0012	RETURN
		TABLEGLCDTABLE2_H
000AB2	0002	RAW 0002


		GLCDTABLE3
000AB4	0E04	MOVLW 4
000AB6	6007	CPFSLT SYSSTRINGA,ACCESS
000AB8	0C00	RETLW 0
000ABA	5007	MOVF SYSSTRINGA, W,ACCESS
000ABC	0FCE	ADDLW LOW TABLEGLCDTABLE3
000ABE	6EF6	MOVWF TBLPTRL,ACCESS
000AC0	0E0A	MOVLW HIGH TABLEGLCDTABLE3
000AC2	B0D8	BTFSC STATUS, C,ACCESS
000AC4	0F01	ADDLW 1
000AC6	6EF7	MOVWF TBLPTRH,ACCESS
000AC8	0008	TBLRD*
000ACA	50F5	MOVF TABLAT, W,ACCESS
000ACC	0012	RETURN
		TABLEGLCDTABLE3
000ACE	0103 FF00	RAW 0103,FF00


		GLCDTABLE4
000AD2	0E04	MOVLW 4
000AD4	6007	CPFSLT SYSSTRINGA,ACCESS
000AD6	0C00	RETLW 0
000AD8	5007	MOVF SYSSTRINGA, W,ACCESS
000ADA	0FEC	ADDLW LOW TABLEGLCDTABLE4
000ADC	6EF6	MOVWF TBLPTRL,ACCESS
000ADE	0E0A	MOVLW HIGH TABLEGLCDTABLE4
000AE0	B0D8	BTFSC STATUS, C,ACCESS
000AE2	0F01	ADDLW 1
000AE4	6EF7	MOVWF TBLPTRH,ACCESS
000AE6	0008	TBLRD*
000AE8	50F5	MOVF TABLAT, W,ACCESS
000AEA	0012	RETURN
		TABLEGLCDTABLE4
000AEC	0103 FF00	RAW 0103,FF00


		GLCDTABLE5
000AF0	0E04	MOVLW 4
000AF2	6007	CPFSLT SYSSTRINGA,ACCESS
000AF4	0C00	RETLW 0
000AF6	5007	MOVF SYSSTRINGA, W,ACCESS
000AF8	0F0A	ADDLW LOW TABLEGLCDTABLE5
000AFA	6EF6	MOVWF TBLPTRL,ACCESS
000AFC	0E0B	MOVLW HIGH TABLEGLCDTABLE5
000AFE	B0D8	BTFSC STATUS, C,ACCESS
000B00	0F01	ADDLW 1
000B02	6EF7	MOVWF TBLPTRH,ACCESS
000B04	0008	TBLRD*
000B06	50F5	MOVF TABLAT, W,ACCESS
000B08	0012	RETURN
		TABLEGLCDTABLE5
000B0A	0103 FF00	RAW 0103,FF00


		GLCDWRITEBYTE_KS0108
000B0E	912D	BCF SYSBITVAR0,0,BANKED
000B10	B084	BTFSC PORTE,0,ACCESS
000B12	812D	BSF SYSBITVAR0,0,BANKED
000B14	932D	BCF SYSBITVAR0,1,BANKED
000B16	B282	BTFSC PORTC,1,ACCESS
000B18	832D	BSF SYSBITVAR0,1,BANKED
000B1A	B082	BTFSC PORTC,0,ACCESS
000B1C	928B	BCF LATC,1,ACCESS
000B1E	908D	BCF LATE,0,ACCESS
		SYSWAITLOOP1
000B20	DD0E	RCALL FN_GLCDREADBYTE_KS0108
000B22	BF1A	BTFSC GLCDREADBYTE_KS0108,7,BANKED
000B24	D7FD	BRA SYSWAITLOOP1
000B26	908D	BCF LATE,0,ACCESS
000B28	B12D	BTFSC SYSBITVAR0,0,BANKED
000B2A	808D	BSF LATE,0,ACCESS
000B2C	928B	BCF LATC,1,ACCESS
000B2E	B32D	BTFSC SYSBITVAR0,1,BANKED
000B30	828B	BSF LATC,1,ACCESS
000B32	928D	BCF LATE,1,ACCESS
000B34	9095	BCF TRISD,0,ACCESS
000B36	9295	BCF TRISD,1,ACCESS
000B38	9495	BCF TRISD,2,ACCESS
000B3A	9695	BCF TRISD,3,ACCESS
000B3C	9895	BCF TRISD,4,ACCESS
000B3E	9A95	BCF TRISD,5,ACCESS
000B40	9C95	BCF TRISD,6,ACCESS
000B42	9E95	BCF TRISD,7,ACCESS
000B44	9E8C	BCF LATD,7,ACCESS
000B46	BF24	BTFSC LCDBYTE,7,BANKED
000B48	8E8C	BSF LATD,7,ACCESS
000B4A	9C8C	BCF LATD,6,ACCESS
000B4C	BD24	BTFSC LCDBYTE,6,BANKED
000B4E	8C8C	BSF LATD,6,ACCESS
000B50	9A8C	BCF LATD,5,ACCESS
000B52	BB24	BTFSC LCDBYTE,5,BANKED
000B54	8A8C	BSF LATD,5,ACCESS
000B56	988C	BCF LATD,4,ACCESS
000B58	B924	BTFSC LCDBYTE,4,BANKED
000B5A	888C	BSF LATD,4,ACCESS
000B5C	968C	BCF LATD,3,ACCESS
000B5E	B724	BTFSC LCDBYTE,3,BANKED
000B60	868C	BSF LATD,3,ACCESS
000B62	948C	BCF LATD,2,ACCESS
000B64	B524	BTFSC LCDBYTE,2,BANKED
000B66	848C	BSF LATD,2,ACCESS
000B68	928C	BCF LATD,1,ACCESS
000B6A	B324	BTFSC LCDBYTE,1,BANKED
000B6C	828C	BSF LATD,1,ACCESS
000B6E	908C	BCF LATD,0,ACCESS
000B70	B124	BTFSC LCDBYTE,0,BANKED
000B72	808C	BSF LATD,0,ACCESS
000B74	0E01	MOVLW 1
000B76	6E00	MOVWF DELAYTEMP,ACCESS
		DELAYUS1
000B78	2E00	DECFSZ DELAYTEMP,F,ACCESS
000B7A	D7FE	BRA DELAYUS1
000B7C	0000	NOP
000B7E	848D	BSF LATE,2,ACCESS
000B80	0E01	MOVLW 1
000B82	6E00	MOVWF DELAYTEMP,ACCESS
		DELAYUS2
000B84	2E00	DECFSZ DELAYTEMP,F,ACCESS
000B86	D7FE	BRA DELAYUS2
000B88	0000	NOP
000B8A	948D	BCF LATE,2,ACCESS
000B8C	0E01	MOVLW 1
000B8E	6E00	MOVWF DELAYTEMP,ACCESS
		DELAYUS3
000B90	2E00	DECFSZ DELAYTEMP,F,ACCESS
000B92	D7FE	BRA DELAYUS3
000B94	0000	NOP
000B96	0012	RETURN


		INITGLCD_KS0108
000B98	9096	BCF TRISE,0,ACCESS
000B9A	9296	BCF TRISE,1,ACCESS
000B9C	9496	BCF TRISE,2,ACCESS
000B9E	9094	BCF TRISC,0,ACCESS
000BA0	9294	BCF TRISC,1,ACCESS
000BA2	9494	BCF TRISC,2,ACCESS
000BA4	948B	BCF LATC,2,ACCESS
000BA6	0E01	MOVLW 1
000BA8	6E02	MOVWF SYSWAITTEMPMS,ACCESS
000BAA	6A03	CLRF SYSWAITTEMPMS_H,ACCESS
000BAC	EC3B F000	CALL DELAY_MS
000BB0	848B	BSF LATC,2,ACCESS
000BB2	0E01	MOVLW 1
000BB4	6E02	MOVWF SYSWAITTEMPMS,ACCESS
000BB6	6A03	CLRF SYSWAITTEMPMS_H,ACCESS
000BB8	EC3B F000	CALL DELAY_MS
000BBC	808B	BSF LATC,0,ACCESS
000BBE	828B	BSF LATC,1,ACCESS
000BC0	908D	BCF LATE,0,ACCESS
000BC2	0E3F	MOVLW 63
000BC4	6F24	MOVWF LCDBYTE,BANKED
000BC6	DFA3	RCALL GLCDWRITEBYTE_KS0108

000BC8	0EC0	MOVLW 192
000BCA	6F24	MOVWF LCDBYTE,BANKED
000BCC	DFA0	RCALL GLCDWRITEBYTE_KS0108

000BCE	908B	BCF LATC,0,ACCESS
000BD0	928B	BCF LATC,1,ACCESS
000BD2	6B0E	CLRF GLCDBACKGROUND,BANKED
000BD4	6B0F	CLRF GLCDBACKGROUND_H,BANKED
000BD6	0E01	MOVLW 1
000BD8	6F18	MOVWF GLCDFOREGROUND,BANKED
000BDA	6B19	CLRF GLCDFOREGROUND_H,BANKED
000BDC	0E06	MOVLW 6
000BDE	6F17	MOVWF GLCDFONTWIDTH,BANKED
000BE0	6B15	CLRF GLCDFNTDEFAULT,BANKED
000BE2	0E01	MOVLW 1
000BE4	6F16	MOVWF GLCDFNTDEFAULTSIZE,BANKED
000BE6	DC83	RCALL GLCDCLS_KS0108

000BE8	0012	RETURN


		INITSYS
000BEA	0000	NOP
000BEC	6AE0	CLRF BSR,ACCESS
000BEE	6AF8	CLRF TBLPTRU,ACCESS
000BF0	9EC0	BCF ADCON2,ADFM,ACCESS
000BF2	90C2	BCF ADCON0,ADON,ACCESS
000BF4	86C1	BSF ADCON1,PCFG3,ACCESS
000BF6	84C1	BSF ADCON1,PCFG2,ACCESS
000BF8	82C1	BSF ADCON1,PCFG1,ACCESS
000BFA	80C1	BSF ADCON1,PCFG0,ACCESS
000BFC	0E07	MOVLW 7
000BFE	6EB4	MOVWF CMCON,ACCESS
000C00	6A80	CLRF PORTA,ACCESS
000C02	6A81	CLRF PORTB,ACCESS
000C04	6A82	CLRF PORTC,ACCESS
000C06	6A83	CLRF PORTD,ACCESS
000C08	6A84	CLRF PORTE,ACCESS
000C0A	0012	RETURN


		PSET_KS0108
000C0C	BD1B	BTFSC GLCDX,6,BANKED
000C0E	D002	BRA ENDIF26
000C10	828B	BSF LATC,1,ACCESS
000C12	908B	BCF LATC,0,ACCESS
		ENDIF26
000C14	AD1B	BTFSS GLCDX,6,BANKED
000C16	D004	BRA ENDIF27
000C18	808B	BSF LATC,0,ACCESS
000C1A	0E40	MOVLW 64
000C1C	5F1B	SUBWF GLCDX,F,BANKED
000C1E	928B	BCF LATC,1,ACCESS
		ENDIF27
000C20	C01D F005	MOVFF GLCDY,SYSBYTETEMPA
000C24	0E08	MOVLW 8
000C26	6E09	MOVWF SYSBYTETEMPB,ACCESS
000C28	D85E	RCALL SYSDIVSUB
000C2A	C005 F00D	MOVFF SYSBYTETEMPA,CURRPAGE
000C2E	908D	BCF LATE,0,ACCESS
000C30	0EB8	MOVLW 184
000C32	110D	IORWF CURRPAGE,W,BANKED
000C34	6F24	MOVWF LCDBYTE,BANKED
000C36	DF6B	RCALL GLCDWRITEBYTE_KS0108

000C38	908D	BCF LATE,0,ACCESS
000C3A	0E40	MOVLW 64
000C3C	111B	IORWF GLCDX,W,BANKED
000C3E	6F24	MOVWF LCDBYTE,BANKED
000C40	DF66	RCALL GLCDWRITEBYTE_KS0108

000C42	808D	BSF LATE,0,ACCESS
000C44	DC7C	RCALL FN_GLCDREADBYTE_KS0108
000C46	C01A F014	MOVFF GLCDREADBYTE_KS0108,GLCDDATATEMP
000C4A	808D	BSF LATE,0,ACCESS
000C4C	DC78	RCALL FN_GLCDREADBYTE_KS0108
000C4E	C01A F014	MOVFF GLCDREADBYTE_KS0108,GLCDDATATEMP
000C52	0E07	MOVLW 7
000C54	151D	ANDWF GLCDY,W,BANKED
000C56	6F10	MOVWF GLCDBITNO,BANKED
000C58	B112	BTFSC GLCDCOLOUR,0,BANKED
000C5A	D004	BRA ELSE28_1
000C5C	0EFE	MOVLW 254
000C5E	6F11	MOVWF GLCDCHANGE,BANKED
000C60	80D8	BSF STATUS,C,ACCESS
000C62	D003	BRA ENDIF28
		ELSE28_1
000C64	0E01	MOVLW 1
000C66	6F11	MOVWF GLCDCHANGE,BANKED
000C68	90D8	BCF STATUS,C,ACCESS
		ENDIF28
000C6A	C010 F02E	MOVFF GLCDBITNO,SYSREPEATTEMP1
000C6E	532E	MOVF SYSREPEATTEMP1,F,BANKED
000C70	B4D8	BTFSC STATUS, Z,ACCESS
000C72	D003	BRA SYSREPEATLOOPEND1
		SYSREPEATLOOP1
000C74	3711	RLCF GLCDCHANGE,F,BANKED
000C76	2F2E	DECFSZ SYSREPEATTEMP1,F,BANKED
000C78	D7FD	BRA SYSREPEATLOOP1
		SYSREPEATLOOPEND1
000C7A	B112	BTFSC GLCDCOLOUR,0,BANKED
000C7C	D004	BRA ELSE29_1
000C7E	5114	MOVF GLCDDATATEMP,W,BANKED
000C80	1511	ANDWF GLCDCHANGE,W,BANKED
000C82	6F14	MOVWF GLCDDATATEMP,BANKED
000C84	D003	BRA ENDIF29
		ELSE29_1
000C86	5114	MOVF GLCDDATATEMP,W,BANKED
000C88	1111	IORWF GLCDCHANGE,W,BANKED
000C8A	6F14	MOVWF GLCDDATATEMP,BANKED
		ENDIF29
000C8C	908D	BCF LATE,0,ACCESS
000C8E	0E40	MOVLW 64
000C90	111B	IORWF GLCDX,W,BANKED
000C92	6F24	MOVWF LCDBYTE,BANKED
000C94	DF3C	RCALL GLCDWRITEBYTE_KS0108

000C96	808D	BSF LATE,0,ACCESS
000C98	C014 F024	MOVFF GLCDDATATEMP,LCDBYTE
000C9C	DF38	RCALL GLCDWRITEBYTE_KS0108

000C9E	908B	BCF LATC,0,ACCESS
000CA0	928B	BCF LATC,1,ACCESS
000CA2	0012	RETURN


		SYSCOMPEQUAL
000CA4	6800	SETF SYSBYTETEMPX,ACCESS
000CA6	5009	MOVF SYSBYTETEMPB, W,ACCESS
000CA8	6205	CPFSEQ SYSBYTETEMPA,ACCESS
000CAA	6A00	CLRF SYSBYTETEMPX,ACCESS
000CAC	0012	RETURN


		SYSCOMPEQUAL16
000CAE	6A00	CLRF SYSBYTETEMPX,ACCESS
000CB0	5009	MOVF SYSWORDTEMPB, W,ACCESS
000CB2	6205	CPFSEQ SYSWORDTEMPA,ACCESS
000CB4	0012	RETURN
000CB6	500A	MOVF SYSWORDTEMPB_H, W,ACCESS
000CB8	6206	CPFSEQ SYSWORDTEMPA_H,ACCESS
000CBA	0012	RETURN
000CBC	6800	SETF SYSBYTETEMPX,ACCESS
000CBE	0012	RETURN


		SYSCOMPLESSTHAN
000CC0	6800	SETF SYSBYTETEMPX,ACCESS
000CC2	5009	MOVF SYSBYTETEMPB, W,ACCESS
000CC4	6005	CPFSLT SYSBYTETEMPA,ACCESS
000CC6	6A00	CLRF SYSBYTETEMPX,ACCESS
000CC8	0012	RETURN


		SYSCOMPLESSTHAN16
000CCA	6A00	CLRF SYSBYTETEMPX,ACCESS
000CCC	5006	MOVF SYSWORDTEMPA_H,W,ACCESS
000CCE	5C0A	SUBWF SYSWORDTEMPB_H,W,ACCESS
000CD0	A0D8	BTFSS STATUS,C,ACCESS
000CD2	0012	RETURN
000CD4	500A	MOVF SYSWORDTEMPB_H,W,ACCESS
000CD6	5C06	SUBWF SYSWORDTEMPA_H,W,ACCESS
000CD8	E304	BNC SCLT16TRUE
000CDA	5009	MOVF SYSWORDTEMPB,W,ACCESS
000CDC	5C05	SUBWF SYSWORDTEMPA,W,ACCESS
000CDE	B0D8	BTFSC STATUS,C,ACCESS
000CE0	0012	RETURN
		SCLT16TRUE
000CE2	1E00	COMF SYSBYTETEMPX,F,ACCESS
000CE4	0012	RETURN


		SYSDIVSUB
000CE6	5209	MOVF SYSBYTETEMPB, F,ACCESS
000CE8	B4D8	BTFSC STATUS, Z,ACCESS
000CEA	0012	RETURN
000CEC	6A00	CLRF SYSBYTETEMPX,ACCESS
000CEE	0E08	MOVLW 8
000CF0	6E04	MOVWF SYSDIVLOOP,ACCESS
		SYSDIV8START
000CF2	90D8	BCF STATUS, C,ACCESS
000CF4	3605	RLCF SYSBYTETEMPA, F,ACCESS
000CF6	3600	RLCF SYSBYTETEMPX, F,ACCESS
000CF8	5009	MOVF SYSBYTETEMPB, W,ACCESS
000CFA	5E00	SUBWF SYSBYTETEMPX, F,ACCESS
000CFC	8005	BSF SYSBYTETEMPA, 0,ACCESS
000CFE	B0D8	BTFSC STATUS, C,ACCESS
000D00	D003	BRA DIV8NOTNEG
000D02	9005	BCF SYSBYTETEMPA, 0,ACCESS
000D04	5009	MOVF SYSBYTETEMPB, W,ACCESS
000D06	2600	ADDWF SYSBYTETEMPX, F,ACCESS
		DIV8NOTNEG
000D08	2E04	DECFSZ SYSDIVLOOP, F,ACCESS
000D0A	D7F3	BRA SYSDIV8START
000D0C	0012	RETURN


